Archive member included to satisfy reference by file (symbol)

/usr/lib/gcc/arm-none-eabi/13.2.0/../../../../arm-none-eabi/lib/thumb/v7e-m+fp/hard/libc_nano.a(libc_a-atexit.o)
                              /usr/lib/gcc/arm-none-eabi/13.2.0/../../../../arm-none-eabi/lib/thumb/v7e-m+fp/hard/crt0.o (atexit)
/usr/lib/gcc/arm-none-eabi/13.2.0/../../../../arm-none-eabi/lib/thumb/v7e-m+fp/hard/libc_nano.a(libc_a-exit.o)
                              /usr/lib/gcc/arm-none-eabi/13.2.0/../../../../arm-none-eabi/lib/thumb/v7e-m+fp/hard/crt0.o (exit)
/usr/lib/gcc/arm-none-eabi/13.2.0/../../../../arm-none-eabi/lib/thumb/v7e-m+fp/hard/libc_nano.a(libc_a-rand.o)
                              build/graphics.o (rand)
/usr/lib/gcc/arm-none-eabi/13.2.0/../../../../arm-none-eabi/lib/thumb/v7e-m+fp/hard/libc_nano.a(libc_a-findfp.o)
                              /usr/lib/gcc/arm-none-eabi/13.2.0/../../../../arm-none-eabi/lib/thumb/v7e-m+fp/hard/libc_nano.a(libc_a-exit.o) (__stdio_exit_handler)
/usr/lib/gcc/arm-none-eabi/13.2.0/../../../../arm-none-eabi/lib/thumb/v7e-m+fp/hard/libc_nano.a(libc_a-fwalk.o)
                              /usr/lib/gcc/arm-none-eabi/13.2.0/../../../../arm-none-eabi/lib/thumb/v7e-m+fp/hard/libc_nano.a(libc_a-findfp.o) (_fwalk_sglue)
/usr/lib/gcc/arm-none-eabi/13.2.0/../../../../arm-none-eabi/lib/thumb/v7e-m+fp/hard/libc_nano.a(libc_a-sprintf.o)
                              build/SWO_debug.o (sprintf)
/usr/lib/gcc/arm-none-eabi/13.2.0/../../../../arm-none-eabi/lib/thumb/v7e-m+fp/hard/libc_nano.a(libc_a-stdio.o)
                              /usr/lib/gcc/arm-none-eabi/13.2.0/../../../../arm-none-eabi/lib/thumb/v7e-m+fp/hard/libc_nano.a(libc_a-findfp.o) (__sread)
/usr/lib/gcc/arm-none-eabi/13.2.0/../../../../arm-none-eabi/lib/thumb/v7e-m+fp/hard/libc_nano.a(libc_a-memset.o)
                              /usr/lib/gcc/arm-none-eabi/13.2.0/../../../../arm-none-eabi/lib/thumb/v7e-m+fp/hard/crt0.o (memset)
/usr/lib/gcc/arm-none-eabi/13.2.0/../../../../arm-none-eabi/lib/thumb/v7e-m+fp/hard/libc_nano.a(libc_a-closer.o)
                              /usr/lib/gcc/arm-none-eabi/13.2.0/../../../../arm-none-eabi/lib/thumb/v7e-m+fp/hard/libc_nano.a(libc_a-stdio.o) (_close_r)
/usr/lib/gcc/arm-none-eabi/13.2.0/../../../../arm-none-eabi/lib/thumb/v7e-m+fp/hard/libc_nano.a(libc_a-reent.o)
                              /usr/lib/gcc/arm-none-eabi/13.2.0/../../../../arm-none-eabi/lib/thumb/v7e-m+fp/hard/libc_nano.a(libc_a-closer.o) (errno)
/usr/lib/gcc/arm-none-eabi/13.2.0/../../../../arm-none-eabi/lib/thumb/v7e-m+fp/hard/libc_nano.a(libc_a-impure.o)
                              /usr/lib/gcc/arm-none-eabi/13.2.0/../../../../arm-none-eabi/lib/thumb/v7e-m+fp/hard/libc_nano.a(libc_a-rand.o) (_impure_ptr)
/usr/lib/gcc/arm-none-eabi/13.2.0/../../../../arm-none-eabi/lib/thumb/v7e-m+fp/hard/libc_nano.a(libc_a-lseekr.o)
                              /usr/lib/gcc/arm-none-eabi/13.2.0/../../../../arm-none-eabi/lib/thumb/v7e-m+fp/hard/libc_nano.a(libc_a-stdio.o) (_lseek_r)
/usr/lib/gcc/arm-none-eabi/13.2.0/../../../../arm-none-eabi/lib/thumb/v7e-m+fp/hard/libc_nano.a(libc_a-readr.o)
                              /usr/lib/gcc/arm-none-eabi/13.2.0/../../../../arm-none-eabi/lib/thumb/v7e-m+fp/hard/libc_nano.a(libc_a-stdio.o) (_read_r)
/usr/lib/gcc/arm-none-eabi/13.2.0/../../../../arm-none-eabi/lib/thumb/v7e-m+fp/hard/libc_nano.a(libc_a-writer.o)
                              /usr/lib/gcc/arm-none-eabi/13.2.0/../../../../arm-none-eabi/lib/thumb/v7e-m+fp/hard/libc_nano.a(libc_a-stdio.o) (_write_r)
/usr/lib/gcc/arm-none-eabi/13.2.0/../../../../arm-none-eabi/lib/thumb/v7e-m+fp/hard/libc_nano.a(libc_a-init.o)
                              /usr/lib/gcc/arm-none-eabi/13.2.0/../../../../arm-none-eabi/lib/thumb/v7e-m+fp/hard/crt0.o (__libc_init_array)
/usr/lib/gcc/arm-none-eabi/13.2.0/../../../../arm-none-eabi/lib/thumb/v7e-m+fp/hard/libc_nano.a(libc_a-fini.o)
                              /usr/lib/gcc/arm-none-eabi/13.2.0/../../../../arm-none-eabi/lib/thumb/v7e-m+fp/hard/crt0.o (__libc_fini_array)
/usr/lib/gcc/arm-none-eabi/13.2.0/../../../../arm-none-eabi/lib/thumb/v7e-m+fp/hard/libc_nano.a(libc_a-lock.o)
                              /usr/lib/gcc/arm-none-eabi/13.2.0/../../../../arm-none-eabi/lib/thumb/v7e-m+fp/hard/libc_nano.a(libc_a-findfp.o) (__retarget_lock_init_recursive)
/usr/lib/gcc/arm-none-eabi/13.2.0/../../../../arm-none-eabi/lib/thumb/v7e-m+fp/hard/libc_nano.a(libc_a-memcpy-stub.o)
                              build/usbd_custom_hid_if.o (memcpy)
/usr/lib/gcc/arm-none-eabi/13.2.0/../../../../arm-none-eabi/lib/thumb/v7e-m+fp/hard/libc_nano.a(libc_a-strlen.o)
                              build/usbd_ctlreq.o (strlen)
/usr/lib/gcc/arm-none-eabi/13.2.0/../../../../arm-none-eabi/lib/thumb/v7e-m+fp/hard/libc_nano.a(libc_a-__atexit.o)
                              /usr/lib/gcc/arm-none-eabi/13.2.0/../../../../arm-none-eabi/lib/thumb/v7e-m+fp/hard/libc_nano.a(libc_a-atexit.o) (__register_exitproc)
[...]
Memory Configuration

Name             Origin             Length             Attributes
RAM              0x20000000         0x00020000         xrw
FLASH            0x08000000         0x00080000         xr
*default*        0x00000000         0xffffffff

Linker script and memory map

LOAD /usr/lib/gcc/arm-none-eabi/13.2.0/thumb/v7e-m+fp/hard/crti.o
LOAD /usr/lib/gcc/arm-none-eabi/13.2.0/thumb/v7e-m+fp/hard/crtbegin.o
LOAD /usr/lib/gcc/arm-none-eabi/13.2.0/../../../../arm-none-eabi/lib/thumb/v7e-m+fp/hard/crt0.o
LOAD build/SWO_debug.o
LOAD build/main.o
LOAD build/leds.o
LOAD build/led_player.o
LOAD build/audio.o
LOAD build/ssd1306.o
LOAD build/graphics.o
LOAD build/ran.o
LOAD build/stm32f4xx_it.o
LOAD build/system_stm32f4xx.o
LOAD build/usb_device.o
LOAD build/usbd_desc.o
LOAD build/usbd_custom_hid_if.o
LOAD build/usbd_conf.o
LOAD build/stm32f4xx_ll_gpio.o
LOAD build/stm32f4xx_hal_pcd.o
LOAD build/stm32f4xx_hal_pcd_ex.o
LOAD build/stm32f4xx_ll_usb.o
LOAD build/stm32f4xx_ll_rcc.o
LOAD build/stm32f4xx_ll_utils.o
LOAD build/stm32f4xx_ll_exti.o
LOAD build/stm32f4xx_hal_rcc.o
LOAD build/stm32f4xx_hal_rcc_ex.o
LOAD build/stm32f4xx_hal_flash.o
LOAD build/stm32f4xx_hal_flash_ex.o
LOAD build/stm32f4xx_hal_flash_ramfunc.o
LOAD build/stm32f4xx_hal_gpio.o
LOAD build/stm32f4xx_hal_dma_ex.o
LOAD build/stm32f4xx_hal_dma.o
LOAD build/stm32f4xx_hal_pwr.o
LOAD build/stm32f4xx_hal_pwr_ex.o
LOAD build/stm32f4xx_hal_cortex.o
LOAD build/stm32f4xx_hal.o
LOAD build/stm32f4xx_hal_exti.o
LOAD build/stm32f4xx_hal_tim.o
LOAD build/stm32f4xx_hal_tim_ex.o
LOAD build/usbd_core.o
LOAD build/usbd_ctlreq.o
LOAD build/usbd_ioreq.o
LOAD build/usbd_customhid.o
LOAD build/startup_stm32f411xe.o
LOAD /usr/lib/gcc/arm-none-eabi/13.2.0/../../../../arm-none-eabi/lib/thumb/v7e-m+fp/hard/libc_nano.a
LOAD /usr/lib/gcc/arm-none-eabi/13.2.0/../../../../arm-none-eabi/lib/thumb/v7e-m+fp/hard/libm.a
LOAD /usr/lib/gcc/arm-none-eabi/13.2.0/../../../../arm-none-eabi/lib/thumb/v7e-m+fp/hard/libnosys.a
START GROUP
LOAD /usr/lib/gcc/arm-none-eabi/13.2.0/thumb/v7e-m+fp/hard/libgcc.a
LOAD /usr/lib/gcc/arm-none-eabi/13.2.0/../../../../arm-none-eabi/lib/thumb/v7e-m+fp/hard/libc_nano.a
END GROUP
START GROUP
LOAD /usr/lib/gcc/arm-none-eabi/13.2.0/thumb/v7e-m+fp/hard/libgcc.a
LOAD /usr/lib/gcc/arm-none-eabi/13.2.0/../../../../arm-none-eabi/lib/thumb/v7e-m+fp/hard/libc_nano.a
END GROUP
LOAD /usr/lib/gcc/arm-none-eabi/13.2.0/thumb/v7e-m+fp/hard/crtend.o
LOAD /usr/lib/gcc/arm-none-eabi/13.2.0/thumb/v7e-m+fp/hard/crtn.o
                0x20020000                        _estack = (ORIGIN (RAM) + LENGTH (RAM))
                0x00000200                        _Min_Heap_Size = 0x200
                0x00000400                        _Min_Stack_Size = 0x400

.isr_vector     0x08000000      0x198
                0x08000000                        . = ALIGN (0x4)
 *(.isr_vector)
 .isr_vector    0x08000000      0x198 build/startup_stm32f411xe.o
                0x08000000                g_pfnVectors
                0x08000198                        . = ALIGN (0x4)

.text           0x080001a0     0x7c2c
                0x080001a0                        . = ALIGN (0x4)
 *(.text)
 .text          0x080001a0       0x10 /usr/lib/gcc/arm-none-eabi/13.2.0/../../../../arm-none-eabi/lib/thumb/v7e-m+fp/hard/libc_nano.a(libc_a-strlen.o)
                0x080001a0                strlen
 .text          0x080001b0       0xa0 /usr/lib/gcc/arm-none-eabi/13.2.0/../../../../arm-none-eabi/lib/thumb/v7e-m+fp/hard/libc_nano.a(libc_a-memchr.o)
                0x080001b0                memchr
 .text          0x08000250      0x254 /usr/lib/gcc/arm-none-eabi/13.2.0/thumb/v7e-m+fp/hard/libgcc.a(_arm_muldf3.o)
                0x08000250                __aeabi_dmul
                0x08000250                __muldf3
 .text          0x080004a4      0x378 /usr/lib/gcc/arm-none-eabi/13.2.0/thumb/v7e-m+fp/hard/libgcc.a(_arm_addsubdf3.o)
                0x080004a4                __aeabi_drsub
                0x080004ac                __aeabi_dsub
                0x080004ac                __subdf3
                0x080004b0                __adddf3
                0x080004b0                __aeabi_dadd
                0x08000728                __aeabi_ui2d
                0x08000728                __floatunsidf
                0x08000748                __floatsidf
                0x08000748                __aeabi_i2d
                0x0800076c                __extendsfdf2
                0x0800076c                __aeabi_f2d
                0x080007b0                __aeabi_ul2d
                0x080007b0                __floatundidf
                0x080007c0                __floatdidf
                0x080007c0                __aeabi_l2d
 .text          0x0800081c       0x40 /usr/lib/gcc/arm-none-eabi/13.2.0/thumb/v7e-m+fp/hard/libgcc.a(_arm_fixunsdfsi.o)
                0x0800081c                __fixunsdfsi
                0x0800081c                __aeabi_d2uiz
 .text          0x0800085c       0xa0 /usr/lib/gcc/arm-none-eabi/13.2.0/thumb/v7e-m+fp/hard/libgcc.a(_arm_truncdfsf2.o)
                0x0800085c                __aeabi_d2f
                0x0800085c                __truncdfsf2
 *(.text*)
 .text.__do_global_dtors_aux
                0x080008fc       0x24 /usr/lib/gcc/arm-none-eabi/13.2.0/thumb/v7e-m+fp/hard/crtbegin.o
 .text.frame_dummy
                0x08000920       0x1c /usr/lib/gcc/arm-none-eabi/13.2.0/thumb/v7e-m+fp/hard/crtbegin.o
 .text.startup.main
                0x0800093c       0x48 build/main.o
                0x0800093c                main
 .text.USB_MIDI_dout
                0x08000984       0x74 build/main.o
                0x08000984                USB_MIDI_dout
 .text.USB_MIDI_sysex
                0x080009f8      0x1bc build/main.o
                0x080009f8                USB_MIDI_sysex
 .text.leds_init
                0x08000bb4       0x84 build/leds.o
                0x08000bb4                leds_init
 .text.leds_set
                0x08000c38       0x64 build/leds.o
                0x08000c38                leds_set
 .text.leds_show
                0x08000c9c       0x48 build/leds.o
                0x08000c9c                leds_show
 .text.rgb_lighter
                0x08000ce4       0x9c build/led_player.o
 .text.led_player_init
                0x08000d80       0x2c build/led_player.o
                0x08000d80                led_player_init
 .text.led_player_update
                0x08000dac      0x164 build/led_player.o
                0x08000dac                led_player_update
 .text.led_player_note_on
                0x08000f10       0x70 build/led_player.o
                0x08000f10                led_player_note_on
 .text.led_player_note_off
                0x08000f80       0x98 build/led_player.o
                0x08000f80                led_player_note_off
 .text.led_player_handle_cc
                0x08001018       0x58 build/led_player.o
                0x08001018                led_player_handle_cc
 .text.audio_fill
                0x08001070      0x378 build/audio.o
 .text.audio_init
                0x080013e8      0x290 build/audio.o
                0x080013e8                audio_init
 .text.DMA1_Stream1_IRQHandler
                0x08001678       0x3c build/audio.o
                0x08001678                DMA1_Stream1_IRQHandler
 .text.audio_update
                0x080016b4      0x14c build/audio.o
                0x080016b4                audio_update
 .text.audio_play_note
                0x08001800      0x2d0 build/audio.o
                0x08001800                audio_play_note
 .text.audio_stop_note
                0x08001ad0      0x264 build/audio.o
                0x08001ad0                audio_stop_note
 .text.audio_update_patch
                0x08001d34      0x950 build/audio.o
                0x08001d34                audio_update_patch
 .text.audio_update_perc
                0x08002684       0x10 build/audio.o
                0x08002684                audio_update_perc
 .text.audio_handle_cc
                0x08002694      0x218 build/audio.o
                0x08002694                audio_handle_cc
 .text.audio_get_sample_vol
                0x080028ac       0x30 build/audio.o
                0x080028ac                audio_get_sample_vol
 .text.oled_init
                0x080028dc      0x14c build/ssd1306.o
                0x080028dc                oled_init
 .text.oled_show
                0x08002a28      0x108 build/ssd1306.o
                0x08002a28                oled_show
 .text.DMA2_Stream3_IRQHandler
                0x08002b30       0x50 build/ssd1306.o
                0x08002b30                DMA2_Stream3_IRQHandler
 .text.oled_draw_line
                0x08002b80       0xf4 build/ssd1306.o
                0x08002b80                oled_draw_line
 .text.oled_draw_line_dotted
                0x08002c74      0x100 build/ssd1306.o
                0x08002c74                oled_draw_line_dotted
 .text.graphics_init
                0x08002d74      0x16c build/graphics.o
                0x08002d74                graphics_init
 .text.graphics_update
                0x08002ee0      0x82c build/graphics.o
                0x08002ee0                graphics_update
 .text.NMI_Handler
                0x0800370c        0x4 build/stm32f4xx_it.o
                0x0800370c                NMI_Handler
 .text.HardFault_Handler
                0x08003710        0x4 build/stm32f4xx_it.o
                0x08003710                HardFault_Handler
 .text.MemManage_Handler
                0x08003714        0x4 build/stm32f4xx_it.o
                0x08003714                MemManage_Handler
 .text.BusFault_Handler
                0x08003718        0x4 build/stm32f4xx_it.o
                0x08003718                BusFault_Handler
 .text.UsageFault_Handler
                0x0800371c        0x4 build/stm32f4xx_it.o
                0x0800371c                UsageFault_Handler
 .text.SVC_Handler
                0x08003720        0x4 build/stm32f4xx_it.o
                0x08003720                SVC_Handler
 .text.DebugMon_Handler
                0x08003724        0x4 build/stm32f4xx_it.o
                0x08003724                DebugMon_Handler
 .text.PendSV_Handler
                0x08003728        0x4 build/stm32f4xx_it.o
                0x08003728                PendSV_Handler
 .text.SystemClock_Config
                0x0800372c       0xe0 build/stm32f4xx_it.o
                0x0800372c                SystemClock_Config
 .text.Error_Handler
                0x0800380c        0x4 build/stm32f4xx_it.o
                0x0800380c                Error_Handler
 .text.SysTick_Handler
                0x08003810        0x4 build/stm32f4xx_it.o
                0x08003810                SysTick_Handler
 .text.OTG_FS_IRQHandler
                0x08003814        0xc build/stm32f4xx_it.o
                0x08003814                OTG_FS_IRQHandler
 .text.HAL_MspInit
                0x08003820       0x38 build/stm32f4xx_it.o
                0x08003820                HAL_MspInit
 .text.SystemInit
                0x08003858       0x14 build/system_stm32f4xx.o
                0x08003858                SystemInit
 .text.MX_USB_DEVICE_Init
                0x0800386c       0x74 build/usb_device.o
                0x0800386c                MX_USB_DEVICE_Init
 .text.USBD_FS_DeviceDescriptor
                0x080038e0        0xc build/usbd_desc.o
                0x080038e0                USBD_FS_DeviceDescriptor
 .text.USBD_FS_LangIDStrDescriptor
                0x080038ec        0xc build/usbd_desc.o
                0x080038ec                USBD_FS_LangIDStrDescriptor
 .text.USBD_FS_ManufacturerStrDescriptor
                0x080038f8       0x1c build/usbd_desc.o
                0x080038f8                USBD_FS_ManufacturerStrDescriptor
 .text.USBD_FS_ProductStrDescriptor
                0x08003914       0x1c build/usbd_desc.o
                0x08003914                USBD_FS_ProductStrDescriptor
 .text.USBD_FS_ConfigStrDescriptor
                0x08003930       0x1c build/usbd_desc.o
                0x08003930                USBD_FS_ConfigStrDescriptor
 .text.USBD_FS_InterfaceStrDescriptor
                0x0800394c       0x1c build/usbd_desc.o
                0x0800394c                USBD_FS_InterfaceStrDescriptor
 .text.USBD_FS_SerialStrDescriptor
                0x08003968      0x150 build/usbd_desc.o
                0x08003968                USBD_FS_SerialStrDescriptor
 .text.CUSTOM_HID_Init_FS
                0x08003ab8        0x4 build/usbd_custom_hid_if.o
 .text.CUSTOM_HID_OutEvent_FS
                0x08003abc       0xa4 build/usbd_custom_hid_if.o
 .text.CUSTOM_HID_DeInit_FS
                0x08003b60        0x4 build/usbd_custom_hid_if.o
 .text.HAL_PCD_MspInit
                0x08003b64       0x84 build/usbd_conf.o
                0x08003b64                HAL_PCD_MspInit
 .text.HAL_PCD_SetupStageCallback
                0x08003be8        0xc build/usbd_conf.o
                0x08003be8                HAL_PCD_SetupStageCallback
 .text.HAL_PCD_DataOutStageCallback
                0x08003bf4       0x14 build/usbd_conf.o
                0x08003bf4                HAL_PCD_DataOutStageCallback
 .text.HAL_PCD_DataInStageCallback
                0x08003c08       0x14 build/usbd_conf.o
                0x08003c08                HAL_PCD_DataInStageCallback
 .text.HAL_PCD_SOFCallback
                0x08003c1c        0x8 build/usbd_conf.o
                0x08003c1c                HAL_PCD_SOFCallback
 .text.HAL_PCD_ResetCallback
                0x08003c24       0x24 build/usbd_conf.o
                0x08003c24                HAL_PCD_ResetCallback
 .text.HAL_PCD_SuspendCallback
                0x08003c48       0x30 build/usbd_conf.o
                0x08003c48                HAL_PCD_SuspendCallback
 .text.HAL_PCD_ResumeCallback
                0x08003c78        0x8 build/usbd_conf.o
                0x08003c78                HAL_PCD_ResumeCallback
 .text.HAL_PCD_ISOOUTIncompleteCallback
                0x08003c80        0x8 build/usbd_conf.o
                0x08003c80                HAL_PCD_ISOOUTIncompleteCallback
 .text.HAL_PCD_ISOINIncompleteCallback
                0x08003c88        0x8 build/usbd_conf.o
                0x08003c88                HAL_PCD_ISOINIncompleteCallback
 .text.HAL_PCD_ConnectCallback
                0x08003c90        0x8 build/usbd_conf.o
                0x08003c90                HAL_PCD_ConnectCallback
 .text.HAL_PCD_DisconnectCallback
                0x08003c98        0x8 build/usbd_conf.o
                0x08003c98                HAL_PCD_DisconnectCallback
 .text.USBD_LL_Init
                0x08003ca0       0x64 build/usbd_conf.o
                0x08003ca0                USBD_LL_Init
 .text.USBD_LL_Start
                0x08003d04       0x18 build/usbd_conf.o
                0x08003d04                USBD_LL_Start
 .text.USBD_LL_OpenEP
                0x08003d1c       0x1c build/usbd_conf.o
                0x08003d1c                USBD_LL_OpenEP
 .text.USBD_LL_CloseEP
                0x08003d38       0x18 build/usbd_conf.o
                0x08003d38                USBD_LL_CloseEP
 .text.USBD_LL_StallEP
                0x08003d50       0x18 build/usbd_conf.o
                0x08003d50                USBD_LL_StallEP
 .text.USBD_LL_ClearStallEP
                0x08003d68       0x18 build/usbd_conf.o
                0x08003d68                USBD_LL_ClearStallEP
 .text.USBD_LL_IsStallEP
                0x08003d80       0x28 build/usbd_conf.o
                0x08003d80                USBD_LL_IsStallEP
 .text.USBD_LL_SetUSBAddress
                0x08003da8       0x18 build/usbd_conf.o
                0x08003da8                USBD_LL_SetUSBAddress
 .text.USBD_LL_Transmit
                0x08003dc0       0x18 build/usbd_conf.o
                0x08003dc0                USBD_LL_Transmit
 .text.USBD_LL_PrepareReceive
                0x08003dd8       0x18 build/usbd_conf.o
                0x08003dd8                USBD_LL_PrepareReceive
 .text.USBD_LL_GetRxDataSize
                0x08003df0        0x8 build/usbd_conf.o
                0x08003df0                USBD_LL_GetRxDataSize
 .text.USBD_static_malloc
                0x08003df8        0x8 build/usbd_conf.o
                0x08003df8                USBD_static_malloc
 .text.USBD_static_free
                0x08003e00        0x4 build/usbd_conf.o
                0x08003e00                USBD_static_free
 .text.HAL_PCD_Init
                0x08003e04      0x414 build/stm32f4xx_hal_pcd.o
                0x08003e04                HAL_PCD_Init
 .text.HAL_PCD_Start
                0x08004218       0x44 build/stm32f4xx_hal_pcd.o
                0x08004218                HAL_PCD_Start
 .text.HAL_PCD_IRQHandler
                0x0800425c      0xafc build/stm32f4xx_hal_pcd.o
                0x0800425c                HAL_PCD_IRQHandler
 .text.HAL_PCD_SetAddress
                0x08004d58       0x28 build/stm32f4xx_hal_pcd.o
                0x08004d58                HAL_PCD_SetAddress
 .text.HAL_PCD_EP_Open
                0x08004d80       0x7c build/stm32f4xx_hal_pcd.o
                0x08004d80                HAL_PCD_EP_Open
 .text.HAL_PCD_EP_Close
                0x08004dfc       0x68 build/stm32f4xx_hal_pcd.o
                0x08004dfc                HAL_PCD_EP_Close
 .text.HAL_PCD_EP_Receive
                0x08004e64       0x44 build/stm32f4xx_hal_pcd.o
                0x08004e64                HAL_PCD_EP_Receive
 .text.HAL_PCD_EP_GetRxCount
                0x08004ea8       0x14 build/stm32f4xx_hal_pcd.o
                0x08004ea8                HAL_PCD_EP_GetRxCount
 .text.HAL_PCD_EP_Transmit
                0x08004ebc       0x48 build/stm32f4xx_hal_pcd.o
                0x08004ebc                HAL_PCD_EP_Transmit
 .text.HAL_PCD_EP_SetStall
                0x08004f04       0x84 build/stm32f4xx_hal_pcd.o
                0x08004f04                HAL_PCD_EP_SetStall
 .text.HAL_PCD_EP_ClrStall
                0x08004f88       0x70 build/stm32f4xx_hal_pcd.o
                0x08004f88                HAL_PCD_EP_ClrStall
 .text.HAL_PCDEx_SetTxFiFo
                0x08004ff8      0x104 build/stm32f4xx_hal_pcd_ex.o
                0x08004ff8                HAL_PCDEx_SetTxFiFo
 .text.HAL_PCDEx_SetRxFiFo
                0x080050fc        0x8 build/stm32f4xx_hal_pcd_ex.o
                0x080050fc                HAL_PCDEx_SetRxFiFo
 .text.HAL_PCDEx_LPM_Callback
                0x08005104        0x4 build/stm32f4xx_hal_pcd_ex.o
                0x08005104                HAL_PCDEx_LPM_Callback
 .text.USB_CoreInit
                0x08005108      0x108 build/stm32f4xx_ll_usb.o
                0x08005108                USB_CoreInit
 .text.USB_SetTurnaroundTime
                0x08005210       0xf4 build/stm32f4xx_ll_usb.o
                0x08005210                USB_SetTurnaroundTime
 .text.USB_EnableGlobalInt
                0x08005304       0x10 build/stm32f4xx_ll_usb.o
                0x08005304                USB_EnableGlobalInt
 .text.USB_DisableGlobalInt
                0x08005314       0x10 build/stm32f4xx_ll_usb.o
                0x08005314                USB_DisableGlobalInt
 .text.USB_SetCurrentMode
                0x08005324       0x70 build/stm32f4xx_ll_usb.o
                0x08005324                USB_SetCurrentMode
 .text.USB_DevInit
                0x08005394      0x258 build/stm32f4xx_ll_usb.o
                0x08005394                USB_DevInit
 .text.USB_FlushTxFifo
                0x080055ec       0x50 build/stm32f4xx_ll_usb.o
                0x080055ec                USB_FlushTxFifo
 .text.USB_GetDevSpeed
                0x0800563c       0x18 build/stm32f4xx_ll_usb.o
                0x0800563c                USB_GetDevSpeed
 .text.USB_ActivateEndpoint
                0x08005654       0x90 build/stm32f4xx_ll_usb.o
                0x08005654                USB_ActivateEndpoint
 .text.USB_DeactivateEndpoint
                0x080056e4       0xc4 build/stm32f4xx_ll_usb.o
                0x080056e4                USB_DeactivateEndpoint
 .text.USB_EPStartXfer
                0x080057a8      0x23c build/stm32f4xx_ll_usb.o
                0x080057a8                USB_EPStartXfer
 .text.USB_EPStopXfer
                0x080059e4       0x94 build/stm32f4xx_ll_usb.o
                0x080059e4                USB_EPStopXfer
 .text.USB_WritePacket
                0x08005a78       0x2c build/stm32f4xx_ll_usb.o
                0x08005a78                USB_WritePacket
 .text.USB_ReadPacket
                0x08005aa4       0x4c build/stm32f4xx_ll_usb.o
                0x08005aa4                USB_ReadPacket
 .text.USB_EPSetStall
                0x08005af0       0x5c build/stm32f4xx_ll_usb.o
                0x08005af0                USB_EPSetStall
 .text.USB_EPClearStall
                0x08005b4c       0x58 build/stm32f4xx_ll_usb.o
                0x08005b4c                USB_EPClearStall
 .text.USB_SetDevAddress
                0x08005ba4       0x20 build/stm32f4xx_ll_usb.o
                0x08005ba4                USB_SetDevAddress
 .text.USB_DevConnect
                0x08005bc4       0x20 build/stm32f4xx_ll_usb.o
                0x08005bc4                USB_DevConnect
 .text.USB_DevDisconnect
                0x08005be4       0x20 build/stm32f4xx_ll_usb.o
                0x08005be4                USB_DevDisconnect
 .text.USB_ReadInterrupts
                0x08005c04        0x8 build/stm32f4xx_ll_usb.o
                0x08005c04                USB_ReadInterrupts
 .text.USB_ReadDevAllOutEpInterrupt
                0x08005c0c       0x10 build/stm32f4xx_ll_usb.o
                0x08005c0c                USB_ReadDevAllOutEpInterrupt
 .text.USB_ReadDevAllInEpInterrupt
                0x08005c1c       0x10 build/stm32f4xx_ll_usb.o
                0x08005c1c                USB_ReadDevAllInEpInterrupt
 .text.USB_ReadDevOutEPInterrupt
                0x08005c2c       0x14 build/stm32f4xx_ll_usb.o
                0x08005c2c                USB_ReadDevOutEPInterrupt
 .text.USB_ReadDevInEPInterrupt
                0x08005c40       0x20 build/stm32f4xx_ll_usb.o
                0x08005c40                USB_ReadDevInEPInterrupt
 .text.USB_GetMode
                0x08005c60        0x8 build/stm32f4xx_ll_usb.o
                0x08005c60                USB_GetMode
 .text.USB_ActivateSetup
                0x08005c68       0x20 build/stm32f4xx_ll_usb.o
                0x08005c68                USB_ActivateSetup
 .text.USB_EP0_OutStart
                0x08005c88       0x50 build/stm32f4xx_ll_usb.o
                0x08005c88                USB_EP0_OutStart
 .text.LL_SetSystemCoreClock
                0x08005cd8        0xc build/stm32f4xx_ll_utils.o
                0x08005cd8                LL_SetSystemCoreClock
 .text.HAL_RCC_GetHCLKFreq
                0x08005ce4        0xc build/stm32f4xx_hal_rcc.o
                0x08005ce4                HAL_RCC_GetHCLKFreq
 .text.HAL_GPIO_Init
                0x08005cf0      0x370 build/stm32f4xx_hal_gpio.o
                0x08005cf0                HAL_GPIO_Init
 .text.HAL_NVIC_SetPriorityGrouping
                0x08006060       0x24 build/stm32f4xx_hal_cortex.o
                0x08006060                HAL_NVIC_SetPriorityGrouping
 .text.HAL_NVIC_SetPriority
                0x08006084       0x78 build/stm32f4xx_hal_cortex.o
                0x08006084                HAL_NVIC_SetPriority
 .text.HAL_NVIC_EnableIRQ
                0x080060fc       0x1c build/stm32f4xx_hal_cortex.o
                0x080060fc                HAL_NVIC_EnableIRQ
 .text.HAL_SYSTICK_Config
                0x08006118       0x34 build/stm32f4xx_hal_cortex.o
                0x08006118                HAL_SYSTICK_Config
 .text.HAL_InitTick
                0x0800614c       0x48 build/stm32f4xx_hal.o
                0x0800614c                HAL_InitTick
 .text.HAL_Init
                0x08006194       0x34 build/stm32f4xx_hal.o
                0x08006194                HAL_Init
 .text.HAL_IncTick
                0x080061c8       0x18 build/stm32f4xx_hal.o
                0x080061c8                HAL_IncTick
 .text.HAL_GetTick
                0x080061e0        0xc build/stm32f4xx_hal.o
                0x080061e0                HAL_GetTick
 .text.HAL_Delay
                0x080061ec       0x24 build/stm32f4xx_hal.o
                0x080061ec                HAL_Delay
 .text.USBD_Init
                0x08006210       0x28 build/usbd_core.o
                0x08006210                USBD_Init
 .text.USBD_RegisterClass
                0x08006238       0x38 build/usbd_core.o
                0x08006238                USBD_RegisterClass
 .text.USBD_Start
                0x08006270        0x4 build/usbd_core.o
                0x08006270                USBD_Start
 .text.USBD_SetClassConfig
                0x08006274       0x10 build/usbd_core.o
                0x08006274                USBD_SetClassConfig
 .text.USBD_ClrClassConfig
                0x08006284       0x14 build/usbd_core.o
                0x08006284                USBD_ClrClassConfig
 .text.USBD_LL_SetupStage
                0x08006298       0x60 build/usbd_core.o
                0x08006298                USBD_LL_SetupStage
 .text.USBD_LL_DataOutStage
                0x080062f8       0x74 build/usbd_core.o
                0x080062f8                USBD_LL_DataOutStage
 .text.USBD_LL_DataInStage
                0x0800636c       0xb4 build/usbd_core.o
                0x0800636c                USBD_LL_DataInStage
 .text.USBD_LL_Reset
                0x08006420       0x5c build/usbd_core.o
                0x08006420                USBD_LL_Reset
 .text.USBD_LL_SetSpeed
                0x0800647c        0x8 build/usbd_core.o
                0x0800647c                USBD_LL_SetSpeed
 .text.USBD_LL_Suspend
                0x08006484       0x1c build/usbd_core.o
                0x08006484                USBD_LL_Suspend
 .text.USBD_LL_Resume
                0x080064a0       0x18 build/usbd_core.o
                0x080064a0                USBD_LL_Resume
 .text.USBD_LL_SOF
                0x080064b8       0x20 build/usbd_core.o
                0x080064b8                USBD_LL_SOF
 .text.USBD_LL_IsoINIncomplete
                0x080064d8       0x2c build/usbd_core.o
                0x080064d8                USBD_LL_IsoINIncomplete
 .text.USBD_LL_IsoOUTIncomplete
                0x08006504       0x2c build/usbd_core.o
                0x08006504                USBD_LL_IsoOUTIncomplete
 .text.USBD_LL_DevConnected
                0x08006530        0x4 build/usbd_core.o
                0x08006530                USBD_LL_DevConnected
 .text.USBD_LL_DevDisconnected
                0x08006534       0x24 build/usbd_core.o
                0x08006534                USBD_LL_DevDisconnected
 .text.USBD_CoreFindIF
                0x08006558        0x4 build/usbd_core.o
                0x08006558                USBD_CoreFindIF
 .text.USBD_CoreFindEP
                0x0800655c        0x4 build/usbd_core.o
                0x0800655c                USBD_CoreFindEP
 .text.USBD_StdDevReq
                0x08006560      0x358 build/usbd_ctlreq.o
                0x08006560                USBD_StdDevReq
 .text.USBD_StdItfReq
                0x080068b8       0x80 build/usbd_ctlreq.o
                0x080068b8                USBD_StdItfReq
 .text.USBD_StdEPReq
                0x08006938      0x160 build/usbd_ctlreq.o
                0x08006938                USBD_StdEPReq
 .text.USBD_ParseSetupRequest
                0x08006a98       0x18 build/usbd_ctlreq.o
                0x08006a98                USBD_ParseSetupRequest
 .text.USBD_GetString
                0x08006ab0       0x50 build/usbd_ctlreq.o
                0x08006ab0                USBD_GetString
 .text.USBD_CtlSendData
                0x08006b00       0x1c build/usbd_ioreq.o
                0x08006b00                USBD_CtlSendData
 .text.USBD_CtlContinueSendData
                0x08006b1c       0x10 build/usbd_ioreq.o
                0x08006b1c                USBD_CtlContinueSendData
 .text.USBD_CtlContinueRx
                0x08006b2c       0x10 build/usbd_ioreq.o
                0x08006b2c                USBD_CtlContinueRx
 .text.USBD_CtlSendStatus
                0x08006b3c       0x18 build/usbd_ioreq.o
                0x08006b3c                USBD_CtlSendStatus
 .text.USBD_CtlReceiveStatus
                0x08006b54       0x18 build/usbd_ioreq.o
                0x08006b54                USBD_CtlReceiveStatus
 .text.USB_MIDI_Setup
                0x08006b6c        0x4 build/usbd_customhid.o
 .text.USB_MIDI_GetFSCfgDesc
                0x08006b70        0xc build/usbd_customhid.o
 .text.USB_MIDI_DataIn
                0x08006b7c       0x14 build/usbd_customhid.o
 .text.USB_MIDI_EP0_RxReady
                0x08006b90        0x4 build/usbd_customhid.o
 .text.USB_MIDI_GetDeviceQualifierDesc
                0x08006b94        0xc build/usbd_customhid.o
 .text.USB_MIDI_DataOut
                0x08006ba0       0x30 build/usbd_customhid.o
 .text.USB_MIDI_DeInit
                0x08006bd0       0x50 build/usbd_customhid.o
 .text.USB_MIDI_Init
                0x08006c20       0x78 build/usbd_customhid.o
 .text.USB_MIDI_GetOtherSpeedCfgDesc
                0x08006c98        0xc build/usbd_customhid.o
 .text.USB_MIDI_GetHSCfgDesc
                0x08006ca4        0xc build/usbd_customhid.o
 .text.USB_MIDI_ReceivePacket
                0x08006cb0       0x20 build/usbd_customhid.o
                0x08006cb0                USB_MIDI_ReceivePacket
 .text.USB_MIDI_RegisterInterface
                0x08006cd0       0x18 build/usbd_customhid.o
                0x08006cd0                USB_MIDI_RegisterInterface
 .text.Reset_Handler
                0x08006ce8       0x50 build/startup_stm32f411xe.o
                0x08006ce8                Reset_Handler
 .text.Default_Handler
                0x08006d38        0x2 build/startup_stm32f411xe.o
                0x08006d38                RTC_Alarm_IRQHandler
                0x08006d38                EXTI2_IRQHandler
                0x08006d38                SPI4_IRQHandler
                0x08006d38                TIM1_CC_IRQHandler
                0x08006d38                DMA2_Stream5_IRQHandler
                0x08006d38                DMA1_Stream5_IRQHandler
                0x08006d38                PVD_IRQHandler
                0x08006d38                SDIO_IRQHandler
                0x08006d38                TAMP_STAMP_IRQHandler
                0x08006d38                EXTI3_IRQHandler
                0x08006d38                TIM1_UP_TIM10_IRQHandler
                0x08006d38                I2C3_ER_IRQHandler
                0x08006d38                EXTI0_IRQHandler
                0x08006d38                I2C2_EV_IRQHandler
                0x08006d38                DMA1_Stream2_IRQHandler
                0x08006d38                FPU_IRQHandler
                0x08006d38                DMA2_Stream2_IRQHandler
                0x08006d38                SPI1_IRQHandler
                0x08006d38                TIM1_BRK_TIM9_IRQHandler
                0x08006d38                USART6_IRQHandler
                0x08006d38                DMA2_Stream0_IRQHandler
                0x08006d38                TIM4_IRQHandler
                0x08006d38                I2C1_EV_IRQHandler
                0x08006d38                DMA1_Stream6_IRQHandler
                0x08006d38                TIM3_IRQHandler
                0x08006d38                RCC_IRQHandler
                0x08006d38                Default_Handler
                0x08006d38                EXTI15_10_IRQHandler
                0x08006d38                ADC_IRQHandler
                0x08006d38                DMA1_Stream7_IRQHandler
                0x08006d38                SPI5_IRQHandler
                0x08006d38                TIM5_IRQHandler
                0x08006d38                DMA2_Stream7_IRQHandler
                0x08006d38                I2C3_EV_IRQHandler
                0x08006d38                EXTI9_5_IRQHandler
                0x08006d38                RTC_WKUP_IRQHandler
                0x08006d38                SPI2_IRQHandler
                0x08006d38                DMA1_Stream0_IRQHandler
                0x08006d38                EXTI4_IRQHandler
                0x08006d38                WWDG_IRQHandler
                0x08006d38                TIM2_IRQHandler
                0x08006d38                OTG_FS_WKUP_IRQHandler
                0x08006d38                TIM1_TRG_COM_TIM11_IRQHandler
                0x08006d38                EXTI1_IRQHandler
                0x08006d38                USART2_IRQHandler
                0x08006d38                I2C2_ER_IRQHandler
                0x08006d38                DMA2_Stream1_IRQHandler
                0x08006d38                FLASH_IRQHandler
                0x08006d38                DMA2_Stream4_IRQHandler
                0x08006d38                USART1_IRQHandler
                0x08006d38                SPI3_IRQHandler
                0x08006d38                DMA1_Stream4_IRQHandler
                0x08006d38                I2C1_ER_IRQHandler
                0x08006d38                DMA2_Stream6_IRQHandler
                0x08006d38                DMA1_Stream3_IRQHandler
 *fill*         0x08006d3a        0x2 
 .text.rand     0x08006d3c       0x7c /usr/lib/gcc/arm-none-eabi/13.2.0/../../../../arm-none-eabi/lib/thumb/v7e-m+fp/hard/libc_nano.a(libc_a-rand.o)
                0x08006d3c                rand
 .text.std      0x08006db8       0x6c /usr/lib/gcc/arm-none-eabi/13.2.0/../../../../arm-none-eabi/lib/thumb/v7e-m+fp/hard/libc_nano.a(libc_a-findfp.o)
 .text.stdio_exit_handler
                0x08006e24       0x18 /usr/lib/gcc/arm-none-eabi/13.2.0/../../../../arm-none-eabi/lib/thumb/v7e-m+fp/hard/libc_nano.a(libc_a-findfp.o)
 .text.cleanup_stdio
                0x08006e3c       0x40 /usr/lib/gcc/arm-none-eabi/13.2.0/../../../../arm-none-eabi/lib/thumb/v7e-m+fp/hard/libc_nano.a(libc_a-findfp.o)
 .text.global_stdio_init.part.0
                0x08006e7c       0x3c /usr/lib/gcc/arm-none-eabi/13.2.0/../../../../arm-none-eabi/lib/thumb/v7e-m+fp/hard/libc_nano.a(libc_a-findfp.o)
 .text.__sfp_lock_acquire
                0x08006eb8        0xc /usr/lib/gcc/arm-none-eabi/13.2.0/../../../../arm-none-eabi/lib/thumb/v7e-m+fp/hard/libc_nano.a(libc_a-findfp.o)
                0x08006eb8                __sfp_lock_acquire
 .text.__sfp_lock_release
                0x08006ec4        0xc /usr/lib/gcc/arm-none-eabi/13.2.0/../../../../arm-none-eabi/lib/thumb/v7e-m+fp/hard/libc_nano.a(libc_a-findfp.o)
                0x08006ec4                __sfp_lock_release
 .text.__sinit  0x08006ed0       0x30 /usr/lib/gcc/arm-none-eabi/13.2.0/../../../../arm-none-eabi/lib/thumb/v7e-m+fp/hard/libc_nano.a(libc_a-findfp.o)
                0x08006ed0                __sinit
 .text._fwalk_sglue
                0x08006f00       0x3c /usr/lib/gcc/arm-none-eabi/13.2.0/../../../../arm-none-eabi/lib/thumb/v7e-m+fp/hard/libc_nano.a(libc_a-fwalk.o)
                0x08006f00                _fwalk_sglue
 .text.__sread  0x08006f3c       0x22 /usr/lib/gcc/arm-none-eabi/13.2.0/../../../../arm-none-eabi/lib/thumb/v7e-m+fp/hard/libc_nano.a(libc_a-stdio.o)
                0x08006f3c                __sread
 .text.__swrite
                0x08006f5e       0x38 /usr/lib/gcc/arm-none-eabi/13.2.0/../../../../arm-none-eabi/lib/thumb/v7e-m+fp/hard/libc_nano.a(libc_a-stdio.o)
                0x08006f5e                __swrite
 .text.__sseek  0x08006f96       0x24 /usr/lib/gcc/arm-none-eabi/13.2.0/../../../../arm-none-eabi/lib/thumb/v7e-m+fp/hard/libc_nano.a(libc_a-stdio.o)
                0x08006f96                __sseek
 .text.__sclose
                0x08006fba        0x8 /usr/lib/gcc/arm-none-eabi/13.2.0/../../../../arm-none-eabi/lib/thumb/v7e-m+fp/hard/libc_nano.a(libc_a-stdio.o)
                0x08006fba                __sclose
 .text.memset   0x08006fc2       0x10 /usr/lib/gcc/arm-none-eabi/13.2.0/../../../../arm-none-eabi/lib/thumb/v7e-m+fp/hard/libc_nano.a(libc_a-memset.o)
                0x08006fc2                memset
 *fill*         0x08006fd2        0x2 
 .text._close_r
                0x08006fd4       0x20 /usr/lib/gcc/arm-none-eabi/13.2.0/../../../../arm-none-eabi/lib/thumb/v7e-m+fp/hard/libc_nano.a(libc_a-closer.o)
                0x08006fd4                _close_r
 .text._lseek_r
                0x08006ff4       0x24 /usr/lib/gcc/arm-none-eabi/13.2.0/../../../../arm-none-eabi/lib/thumb/v7e-m+fp/hard/libc_nano.a(libc_a-lseekr.o)
                0x08006ff4                _lseek_r
 .text._read_r  0x08007018       0x24 /usr/lib/gcc/arm-none-eabi/13.2.0/../../../../arm-none-eabi/lib/thumb/v7e-m+fp/hard/libc_nano.a(libc_a-readr.o)
                0x08007018                _read_r
 .text._write_r
                0x0800703c       0x24 /usr/lib/gcc/arm-none-eabi/13.2.0/../../../../arm-none-eabi/lib/thumb/v7e-m+fp/hard/libc_nano.a(libc_a-writer.o)
                0x0800703c                _write_r
 .text.__libc_init_array
                0x08007060       0x48 /usr/lib/gcc/arm-none-eabi/13.2.0/../../../../arm-none-eabi/lib/thumb/v7e-m+fp/hard/libc_nano.a(libc_a-init.o)
                0x08007060                __libc_init_array
 .text.__retarget_lock_init_recursive
                0x080070a8        0x2 /usr/lib/gcc/arm-none-eabi/13.2.0/../../../../arm-none-eabi/lib/thumb/v7e-m+fp/hard/libc_nano.a(libc_a-lock.o)
                0x080070a8                __retarget_lock_init_recursive
 .text.__retarget_lock_acquire_recursive
                0x080070aa        0x2 /usr/lib/gcc/arm-none-eabi/13.2.0/../../../../arm-none-eabi/lib/thumb/v7e-m+fp/hard/libc_nano.a(libc_a-lock.o)
                0x080070aa                __retarget_lock_acquire_recursive
 .text.__retarget_lock_release_recursive
                0x080070ac        0x2 /usr/lib/gcc/arm-none-eabi/13.2.0/../../../../arm-none-eabi/lib/thumb/v7e-m+fp/hard/libc_nano.a(libc_a-lock.o)
                0x080070ac                __retarget_lock_release_recursive
 .text.memcpy   0x080070ae       0x1c /usr/lib/gcc/arm-none-eabi/13.2.0/../../../../arm-none-eabi/lib/thumb/v7e-m+fp/hard/libc_nano.a(libc_a-memcpy-stub.o)
                0x080070ae                memcpy
 *fill*         0x080070ca        0x2 
 .text.__assert_func
                0x080070cc       0x3c /usr/lib/gcc/arm-none-eabi/13.2.0/../../../../arm-none-eabi/lib/thumb/v7e-m+fp/hard/libc_nano.a(libc_a-assert.o)
                0x080070cc                __assert_func
 .text._free_r  0x08007108       0x94 /usr/lib/gcc/arm-none-eabi/13.2.0/../../../../arm-none-eabi/lib/thumb/v7e-m+fp/hard/libc_nano.a(libc_a-freer.o)
                0x08007108                _free_r
 .text.malloc   0x0800719c       0x10 /usr/lib/gcc/arm-none-eabi/13.2.0/../../../../arm-none-eabi/lib/thumb/v7e-m+fp/hard/libc_nano.a(libc_a-malloc.o)
                0x0800719c                malloc
 .text.sbrk_aligned
                0x080071ac       0x44 /usr/lib/gcc/arm-none-eabi/13.2.0/../../../../arm-none-eabi/lib/thumb/v7e-m+fp/hard/libc_nano.a(libc_a-mallocr.o)
 .text._malloc_r
                0x080071f0       0xf0 /usr/lib/gcc/arm-none-eabi/13.2.0/../../../../arm-none-eabi/lib/thumb/v7e-m+fp/hard/libc_nano.a(libc_a-mallocr.o)
                0x080071f0                _malloc_r
 .text.__malloc_lock
                0x080072e0        0xc /usr/lib/gcc/arm-none-eabi/13.2.0/../../../../arm-none-eabi/lib/thumb/v7e-m+fp/hard/libc_nano.a(libc_a-mlock.o)
                0x080072e0                __malloc_lock
 .text.__malloc_unlock
                0x080072ec        0xc /usr/lib/gcc/arm-none-eabi/13.2.0/../../../../arm-none-eabi/lib/thumb/v7e-m+fp/hard/libc_nano.a(libc_a-mlock.o)
                0x080072ec                __malloc_unlock
 .text._printf_common
                0x080072f8       0xda /usr/lib/gcc/arm-none-eabi/13.2.0/../../../../arm-none-eabi/lib/thumb/v7e-m+fp/hard/libc_nano.a(libc_a-nano-vfprintf_i.o)
                0x080072f8                _printf_common
 *fill*         0x080073d2        0x2 
 .text._printf_i
                0x080073d4      0x25c /usr/lib/gcc/arm-none-eabi/13.2.0/../../../../arm-none-eabi/lib/thumb/v7e-m+fp/hard/libc_nano.a(libc_a-nano-vfprintf_i.o)
                0x080073d4                _printf_i
 .text.__sflush_r
                0x08007630      0x108 /usr/lib/gcc/arm-none-eabi/13.2.0/../../../../arm-none-eabi/lib/thumb/v7e-m+fp/hard/libc_nano.a(libc_a-fflush.o)
                0x08007630                __sflush_r
 .text._fflush_r
                0x08007738       0x50 /usr/lib/gcc/arm-none-eabi/13.2.0/../../../../arm-none-eabi/lib/thumb/v7e-m+fp/hard/libc_nano.a(libc_a-fflush.o)
                0x08007738                _fflush_r
 .text.fprintf  0x08007788       0x24 /usr/lib/gcc/arm-none-eabi/13.2.0/../../../../arm-none-eabi/lib/thumb/v7e-m+fp/hard/libc_nano.a(libc_a-fprintf.o)
                0x08007788                fprintf
                0x08007788                fiprintf
 .text._sbrk_r  0x080077ac       0x20 /usr/lib/gcc/arm-none-eabi/13.2.0/../../../../arm-none-eabi/lib/thumb/v7e-m+fp/hard/libc_nano.a(libc_a-sbrkr.o)
                0x080077ac                _sbrk_r
 .text.abort    0x080077cc        0xe /usr/lib/gcc/arm-none-eabi/13.2.0/../../../../arm-none-eabi/lib/thumb/v7e-m+fp/hard/libc_nano.a(libc_a-abort.o)
                0x080077cc                abort
 .text.__sfputc_r
                0x080077da       0x2e /usr/lib/gcc/arm-none-eabi/13.2.0/../../../../arm-none-eabi/lib/thumb/v7e-m+fp/hard/libc_nano.a(libc_a-nano-vfprintf.o)
 .text.__sfputs_r
                0x08007808       0x24 /usr/lib/gcc/arm-none-eabi/13.2.0/../../../../arm-none-eabi/lib/thumb/v7e-m+fp/hard/libc_nano.a(libc_a-nano-vfprintf.o)
                0x08007808                __sfputs_r
 .text._vfprintf_r
                0x0800782c      0x230 /usr/lib/gcc/arm-none-eabi/13.2.0/../../../../arm-none-eabi/lib/thumb/v7e-m+fp/hard/libc_nano.a(libc_a-nano-vfprintf.o)
                0x0800782c                _vfiprintf_r
                0x0800782c                _vfprintf_r
 .text.__swbuf_r
                0x08007a5c       0x7c /usr/lib/gcc/arm-none-eabi/13.2.0/../../../../arm-none-eabi/lib/thumb/v7e-m+fp/hard/libc_nano.a(libc_a-wbuf.o)
                0x08007a5c                __swbuf_r
 .text.__swsetup_r
                0x08007ad8       0xac /usr/lib/gcc/arm-none-eabi/13.2.0/../../../../arm-none-eabi/lib/thumb/v7e-m+fp/hard/libc_nano.a(libc_a-wsetup.o)
                0x08007ad8                __swsetup_r
 .text._raise_r
                0x08007b84       0x50 /usr/lib/gcc/arm-none-eabi/13.2.0/../../../../arm-none-eabi/lib/thumb/v7e-m+fp/hard/libc_nano.a(libc_a-signal.o)
                0x08007b84                _raise_r
 .text.raise    0x08007bd4       0x10 /usr/lib/gcc/arm-none-eabi/13.2.0/../../../../arm-none-eabi/lib/thumb/v7e-m+fp/hard/libc_nano.a(libc_a-signal.o)
                0x08007bd4                raise
 .text._kill_r  0x08007be4       0x24 /usr/lib/gcc/arm-none-eabi/13.2.0/../../../../arm-none-eabi/lib/thumb/v7e-m+fp/hard/libc_nano.a(libc_a-signalr.o)
                0x08007be4                _kill_r
 .text._getpid_r
                0x08007c08        0x4 /usr/lib/gcc/arm-none-eabi/13.2.0/../../../../arm-none-eabi/lib/thumb/v7e-m+fp/hard/libc_nano.a(libc_a-signalr.o)
                0x08007c08                _getpid_r
 .text.__swhatbuf_r
                0x08007c0c       0x4c /usr/lib/gcc/arm-none-eabi/13.2.0/../../../../arm-none-eabi/lib/thumb/v7e-m+fp/hard/libc_nano.a(libc_a-makebuf.o)
                0x08007c0c                __swhatbuf_r
 .text.__smakebuf_r
                0x08007c58       0x78 /usr/lib/gcc/arm-none-eabi/13.2.0/../../../../arm-none-eabi/lib/thumb/v7e-m+fp/hard/libc_nano.a(libc_a-makebuf.o)
                0x08007c58                __smakebuf_r
 .text._fstat_r
                0x08007cd0       0x24 /usr/lib/gcc/arm-none-eabi/13.2.0/../../../../arm-none-eabi/lib/thumb/v7e-m+fp/hard/libc_nano.a(libc_a-fstatr.o)
                0x08007cd0                _fstat_r
 .text._isatty_r
                0x08007cf4       0x20 /usr/lib/gcc/arm-none-eabi/13.2.0/../../../../arm-none-eabi/lib/thumb/v7e-m+fp/hard/libc_nano.a(libc_a-isattyr.o)
                0x08007cf4                _isatty_r
 .text._close   0x08007d14       0x10 /usr/lib/gcc/arm-none-eabi/13.2.0/../../../../arm-none-eabi/lib/thumb/v7e-m+fp/hard/libnosys.a(close.o)
                0x08007d14                _close
 .text._fstat   0x08007d24       0x10 /usr/lib/gcc/arm-none-eabi/13.2.0/../../../../arm-none-eabi/lib/thumb/v7e-m+fp/hard/libnosys.a(fstat.o)
                0x08007d24                _fstat
 .text._getpid  0x08007d34       0x10 /usr/lib/gcc/arm-none-eabi/13.2.0/../../../../arm-none-eabi/lib/thumb/v7e-m+fp/hard/libnosys.a(getpid.o)
                0x08007d34                _getpid
 .text._isatty  0x08007d44       0x10 /usr/lib/gcc/arm-none-eabi/13.2.0/../../../../arm-none-eabi/lib/thumb/v7e-m+fp/hard/libnosys.a(isatty.o)
                0x08007d44                _isatty
 .text._kill    0x08007d54       0x10 /usr/lib/gcc/arm-none-eabi/13.2.0/../../../../arm-none-eabi/lib/thumb/v7e-m+fp/hard/libnosys.a(kill.o)
                0x08007d54                _kill
 .text._lseek   0x08007d64       0x10 /usr/lib/gcc/arm-none-eabi/13.2.0/../../../../arm-none-eabi/lib/thumb/v7e-m+fp/hard/libnosys.a(lseek.o)
                0x08007d64                _lseek
 .text._read    0x08007d74       0x10 /usr/lib/gcc/arm-none-eabi/13.2.0/../../../../arm-none-eabi/lib/thumb/v7e-m+fp/hard/libnosys.a(read.o)
                0x08007d74                _read
 .text._sbrk    0x08007d84       0x1c /usr/lib/gcc/arm-none-eabi/13.2.0/../../../../arm-none-eabi/lib/thumb/v7e-m+fp/hard/libnosys.a(sbrk.o)
                0x08007d84                _sbrk
 .text._write   0x08007da0       0x10 /usr/lib/gcc/arm-none-eabi/13.2.0/../../../../arm-none-eabi/lib/thumb/v7e-m+fp/hard/libnosys.a(write.o)
                0x08007da0                _write
 .text._exit    0x08007db0        0x4 /usr/lib/gcc/arm-none-eabi/13.2.0/../../../../arm-none-eabi/lib/thumb/v7e-m+fp/hard/libnosys.a(_exit.o)
                0x08007db0                _exit
 *(.glue_7)
 .glue_7        0x08007db4        0x0 linker stubs
 *(.glue_7t)
 .glue_7t       0x08007db4        0x0 linker stubs
 *(.eh_frame)
 .eh_frame      0x08007db4        0x0 /usr/lib/gcc/arm-none-eabi/13.2.0/thumb/v7e-m+fp/hard/crtbegin.o
 *(.init)
 .init          0x08007db4        0x4 /usr/lib/gcc/arm-none-eabi/13.2.0/thumb/v7e-m+fp/hard/crti.o
                0x08007db4                _init
 .init          0x08007db8        0x8 /usr/lib/gcc/arm-none-eabi/13.2.0/thumb/v7e-m+fp/hard/crtn.o
 *(.fini)
 .fini          0x08007dc0        0x4 /usr/lib/gcc/arm-none-eabi/13.2.0/thumb/v7e-m+fp/hard/crti.o
                0x08007dc0                _fini
 .fini          0x08007dc4        0x8 /usr/lib/gcc/arm-none-eabi/13.2.0/thumb/v7e-m+fp/hard/crtn.o
                0x08007dcc                        . = ALIGN (0x4)
                0x08007dcc                        _etext = .

.vfp11_veneer   0x08007dcc        0x0
 .vfp11_veneer  0x08007dcc        0x0 linker stubs

.v4_bx          0x08007dcc        0x0
 .v4_bx         0x08007dcc        0x0 linker stubs

.iplt           0x08007dcc        0x0
 .iplt          0x08007dcc        0x0 /usr/lib/gcc/arm-none-eabi/13.2.0/thumb/v7e-m+fp/hard/crtbegin.o

.rodata         0x08007dcc    0x42b88
                0x08007dcc                        . = ALIGN (0x4)
 *(.rodata)
 *(.rodata*)
 .rodata.leds_init.str1.4
                0x08007dcc       0x51 build/leds.o
                                  0x4 (size before relaxing)
 *fill*         0x08007e1d        0x3 
 .rodata.led_codes
                0x08007e20      0x300 build/leds.o
 .rodata.led_mapping
                0x08008120       0x24 build/led_player.o
 .rodata.channel_colors
                0x08008144       0x30 build/led_player.o
 .rodata.damp   0x08008174      0x208 build/led_player.o
 .rodata.safe_sample
                0x0800837c        0x3 build/audio.o
 *fill*         0x0800837f        0x1 
 .rodata.tomm   0x08008380     0x2000 build/audio.o
 .rodata.ride   0x0800a380     0x8000 build/audio.o
 .rodata.crash  0x08012380     0x785b build/audio.o
 *fill*         0x08019bdb        0x1 
 .rodata.open_hi_hat
                0x08019bdc     0x4000 build/audio.o
 .rodata.closed_hihat
                0x0801dbdc     0x1680 build/audio.o
 .rodata.kick   0x0801f25c     0x2000 build/audio.o
 .rodata.snare  0x0802125c     0x13a4 build/audio.o
 .rodata.compressor_table
                0x08022600     0xbffe build/audio.o
 *fill*         0x0802e5fe        0x2 
 .rodata.saw_carrier_sine_table
                0x0802e600     0x4000 build/audio.o
 .rodata.half_carrier_sine_table
                0x08032600     0x4000 build/audio.o
 .rodata.abs_carrier_sine_table
                0x08036600     0x4000 build/audio.o
 .rodata.freq_table
                0x0803a600      0x200 build/audio.o
 .rodata.saw_sine_table
                0x0803a800     0x4000 build/audio.o
 .rodata.half_sine_table
                0x0803e800     0x4000 build/audio.o
 .rodata.abs_sine_table
                0x08042800     0x4000 build/audio.o
 .rodata.setup_data
                0x08046800       0x1a build/ssd1306.o
 *fill*         0x0804681a        0x2 
 .rodata.cube_verts
                0x0804681c       0x60 build/graphics.o
 .rodata.sine_table
                0x0804687c     0x4000 build/ran.o
                0x0804687c                sine_table
 .rodata.USBD_FS_ManufacturerStrDescriptor.str1.4
                0x0804a87c       0x16 build/usbd_desc.o
 .rodata.USBD_FS_ProductStrDescriptor.str1.4
                0x0804a87c        0xe build/usbd_desc.o
 .rodata.USBD_FS_ConfigStrDescriptor.str1.4
                0x0804a87c        0xe build/usbd_desc.o
 .rodata.USBD_FS_InterfaceStrDescriptor.str1.4
                0x0804a87c       0x15 build/usbd_desc.o
 .rodata.MIDI_sizes
                0x0804a87c       0x10 build/usbd_custom_hid_if.o
 .rodata.srand.str1.1
                0x0804a88c       0xc8 /usr/lib/gcc/arm-none-eabi/13.2.0/../../../../arm-none-eabi/lib/thumb/v7e-m+fp/hard/libc_nano.a(libc_a-rand.o)
                                 0x59 (size before relaxing)
 .rodata.__assert_func.str1.1
                0x0804a954       0x3d /usr/lib/gcc/arm-none-eabi/13.2.0/../../../../arm-none-eabi/lib/thumb/v7e-m+fp/hard/libc_nano.a(libc_a-assert.o)
 .rodata._printf_i.str1.1
                0x0804a954       0x22 /usr/lib/gcc/arm-none-eabi/13.2.0/../../../../arm-none-eabi/lib/thumb/v7e-m+fp/hard/libc_nano.a(libc_a-nano-vfprintf_i.o)
 .rodata._vfprintf_r.str1.1
                0x0804a954       0x11 /usr/lib/gcc/arm-none-eabi/13.2.0/../../../../arm-none-eabi/lib/thumb/v7e-m+fp/hard/libc_nano.a(libc_a-nano-vfprintf.o)
                0x0804a994                        . = ALIGN (0x4)

.ARM.extab
 *(.ARM.extab* .gnu.linkonce.armextab.*)

.ARM            0x0804a954        0x8
                0x0804a954                        __exidx_start = .
 *(.ARM.exidx*)
 .ARM.exidx     0x0804a954        0x8 /usr/lib/gcc/arm-none-eabi/13.2.0/../../../../arm-none-eabi/lib/thumb/v7e-m+fp/hard/libc_nano.a(libc_a-strlen.o)
 .ARM.exidx     0x0804a95c        0x0 /usr/lib/gcc/arm-none-eabi/13.2.0/../../../../arm-none-eabi/lib/thumb/v7e-m+fp/hard/libc_nano.a(libc_a-memchr.o)
                                  0x8 (size before relaxing)
                0x0804a95c                        __exidx_end = .

.rel.dyn        0x0804a95c        0x0
 .rel.iplt      0x0804a95c        0x0 /usr/lib/gcc/arm-none-eabi/13.2.0/thumb/v7e-m+fp/hard/crtbegin.o

.preinit_array  0x0804a95c        0x0
                0x0804a95c                        PROVIDE (__preinit_array_start = .)
 *(.preinit_array*)
                0x0804a95c                        PROVIDE (__preinit_array_end = .)

.init_array     0x0804a95c        0x4
                0x0804a95c                        PROVIDE (__init_array_start = .)
 *(SORT_BY_NAME(.init_array.*))
 *(.init_array*)
 .init_array    0x0804a95c        0x4 /usr/lib/gcc/arm-none-eabi/13.2.0/thumb/v7e-m+fp/hard/crtbegin.o
                0x0804a960                        PROVIDE (__init_array_end = .)

.fini_array     0x0804a960        0x4
                0x0804a960                        PROVIDE (__fini_array_start = .)
 *(SORT_BY_NAME(.fini_array.*))
 *(.fini_array*)
 .fini_array    0x0804a960        0x4 /usr/lib/gcc/arm-none-eabi/13.2.0/thumb/v7e-m+fp/hard/crtbegin.o
                0x0804a964                        PROVIDE (__fini_array_end = .)
                0x0804a964                        _sidata = LOADADDR (.data)

.data           0x20000000      0x17c load address 0x0804a964
                0x20000000                        . = ALIGN (0x4)
                0x20000000                        _sdata = .
 *(.data)
 *(.data*)
 .data.cube_speed
                0x20000000        0x4 build/graphics.o
 .data.camera_fov
                0x20000004        0x4 build/graphics.o
 .data.SystemCoreClock
                0x20000008        0x4 build/system_stm32f4xx.o
                0x20000008                SystemCoreClock
 .data.USBD_StringSerial
                0x2000000c       0x1a build/usbd_desc.o
                0x2000000c                USBD_StringSerial
 *fill*         0x20000026        0x2 
 .data.USBD_LangIDDesc
                0x20000028        0x4 build/usbd_desc.o
                0x20000028                USBD_LangIDDesc
 .data.USBD_FS_DeviceDesc
                0x2000002c       0x12 build/usbd_desc.o
                0x2000002c                USBD_FS_DeviceDesc
 *fill*         0x2000003e        0x2 
 .data.FS_Desc  0x20000040       0x1c build/usbd_desc.o
                0x20000040                FS_Desc
 .data.USB_MIDI_dev
                0x2000005c       0x10 build/usbd_custom_hid_if.o
                0x2000005c                USB_MIDI_dev
 .data.uwTickFreq
                0x2000006c        0x1 build/stm32f4xx_hal.o
                0x2000006c                uwTickFreq
 *fill*         0x2000006d        0x3 
 .data.uwTickPrio
                0x20000070        0x4 build/stm32f4xx_hal.o
                0x20000070                uwTickPrio
 .data.USB_MIDI_DeviceQualifierDesc
                0x20000074        0xa build/usbd_customhid.o
 *fill*         0x2000007e        0x2 
 .data.USB_MIDI_CfgDesc
                0x20000080       0x65 build/usbd_customhid.o
 *fill*         0x200000e5        0x3 
 .data.USB_MIDI
                0x200000e8       0x38 build/usbd_customhid.o
                0x200000e8                USB_MIDI
 .data.__sglue  0x20000120        0xc /usr/lib/gcc/arm-none-eabi/13.2.0/../../../../arm-none-eabi/lib/thumb/v7e-m+fp/hard/libc_nano.a(libc_a-findfp.o)
                0x20000120                __sglue
 .data._impure_ptr
                0x2000012c        0x4 /usr/lib/gcc/arm-none-eabi/13.2.0/../../../../arm-none-eabi/lib/thumb/v7e-m+fp/hard/libc_nano.a(libc_a-impure.o)
                0x2000012c                _impure_ptr
 .data._impure_data
                0x20000130       0x4c /usr/lib/gcc/arm-none-eabi/13.2.0/../../../../arm-none-eabi/lib/thumb/v7e-m+fp/hard/libc_nano.a(libc_a-impure.o)
                0x20000130                _impure_data
                0x2000017c                        . = ALIGN (0x4)
                0x2000017c                        _edata = .

.igot.plt       0x2000017c        0x0 load address 0x0804aae0
 .igot.plt      0x2000017c        0x0 /usr/lib/gcc/arm-none-eabi/13.2.0/thumb/v7e-m+fp/hard/crtbegin.o
                0x2000017c                        . = ALIGN (0x4)

.bss            0x2000017c     0x3398 load address 0x0804aae0
                0x2000017c                        _sbss = .
                0x2000017c                        __bss_start__ = _sbss
 *(.bss)
 *(.bss*)
 .bss.completed.1
                0x2000017c        0x1 /usr/lib/gcc/arm-none-eabi/13.2.0/thumb/v7e-m+fp/hard/crtbegin.o
 *fill*         0x2000017d        0x3 
 .bss.object.0  0x20000180       0x18 /usr/lib/gcc/arm-none-eabi/13.2.0/thumb/v7e-m+fp/hard/crtbegin.o
 .bss.led_buffer
                0x20000198      0x146 build/leds.o
 *fill*         0x200002de        0x2 
 .bss.prev_time.0
                0x200002e0        0x4 build/led_player.o
 .bss.led_keys  0x200002e4      0x510 build/led_player.o
 .bss.prev_tick.0
                0x200007f4        0x4 build/audio.o
 .bss.audio_target_buf
                0x200007f8        0x1 build/audio.o
 *fill*         0x200007f9        0x3 
 .bss.audio_buf
                0x200007fc      0x800 build/audio.o
 .bss.channel_settings
                0x20000ffc      0x400 build/audio.o
 .bss.global_perc_vol
                0x200013fc        0x4 build/audio.o
 .bss.perc_voices
                0x20001400       0x70 build/audio.o
 .bss.audio_voices
                0x20001470      0x580 build/audio.o
 .bss.framebuffer_xmit_done
                0x200019f0        0x1 build/ssd1306.o
 *fill*         0x200019f1        0x3 
 .bss.oled_framebuffer
                0x200019f4      0x400 build/ssd1306.o
 .bss.tick.0    0x20001df4        0x2 build/graphics.o
 *fill*         0x20001df6        0x2 
 .bss.tick.1    0x20001df8        0x4 build/graphics.o
 .bss.prev_tick.2
                0x20001dfc        0x4 build/graphics.o
 .bss.room_verts
                0x20001e00       0xc0 build/graphics.o
 .bss.avg_audio
                0x20001ec0       0x40 build/graphics.o
 .bss.avg_audio_cursor
                0x20001f00        0x1 build/graphics.o
 *fill*         0x20001f01        0x3 
 .bss.cube_idx  0x20001f04        0x4 build/graphics.o
 .bss.cube_list
                0x20001f08      0x898 build/graphics.o
 .bss.hUsbDeviceFS
                0x200027a0      0x2dc build/usb_device.o
                0x200027a0                hUsbDeviceFS
 .bss.USBD_StrDesc
                0x20002a7c      0x200 build/usbd_desc.o
                0x20002a7c                USBD_StrDesc
 .bss.sysex_cursor
                0x20002c7c        0x2 build/usbd_custom_hid_if.o
 *fill*         0x20002c7e        0x2 
 .bss.sysex_buffer
                0x20002c80      0x200 build/usbd_custom_hid_if.o
 .bss.mem.0     0x20002e80       0x58 build/usbd_conf.o
 .bss.hpcd_USB_OTG_FS
                0x20002ed8      0x4e4 build/usbd_conf.o
                0x20002ed8                hpcd_USB_OTG_FS
 .bss.uwTick    0x200033bc        0x4 build/stm32f4xx_hal.o
                0x200033bc                uwTick
 .bss.cfgidx.0  0x200033c0        0x1 build/usbd_ctlreq.o
 *fill*         0x200033c1        0x3 
 .bss.__sf      0x200033c4      0x138 /usr/lib/gcc/arm-none-eabi/13.2.0/../../../../arm-none-eabi/lib/thumb/v7e-m+fp/hard/libc_nano.a(libc_a-findfp.o)
                0x200033c4                __sf
 .bss.__stdio_exit_handler
                0x200034fc        0x4 /usr/lib/gcc/arm-none-eabi/13.2.0/../../../../arm-none-eabi/lib/thumb/v7e-m+fp/hard/libc_nano.a(libc_a-findfp.o)
                0x200034fc                __stdio_exit_handler
 .bss.errno     0x20003500        0x4 /usr/lib/gcc/arm-none-eabi/13.2.0/../../../../arm-none-eabi/lib/thumb/v7e-m+fp/hard/libc_nano.a(libc_a-reent.o)
                0x20003500                errno
 .bss.__lock___malloc_recursive_mutex
                0x20003504        0x1 /usr/lib/gcc/arm-none-eabi/13.2.0/../../../../arm-none-eabi/lib/thumb/v7e-m+fp/hard/libc_nano.a(libc_a-lock.o)
                0x20003504                __lock___malloc_recursive_mutex
 .bss.__lock___sfp_recursive_mutex
                0x20003505        0x1 /usr/lib/gcc/arm-none-eabi/13.2.0/../../../../arm-none-eabi/lib/thumb/v7e-m+fp/hard/libc_nano.a(libc_a-lock.o)
                0x20003505                __lock___sfp_recursive_mutex
 *fill*         0x20003506        0x2 
 .bss.__malloc_sbrk_start
                0x20003508        0x4 /usr/lib/gcc/arm-none-eabi/13.2.0/../../../../arm-none-eabi/lib/thumb/v7e-m+fp/hard/libc_nano.a(libc_a-mallocr.o)
                0x20003508                __malloc_sbrk_start
 .bss.__malloc_free_list
                0x2000350c        0x4 /usr/lib/gcc/arm-none-eabi/13.2.0/../../../../arm-none-eabi/lib/thumb/v7e-m+fp/hard/libc_nano.a(libc_a-mallocr.o)
                0x2000350c                __malloc_free_list
 .bss.heap_end.0
                0x20003510        0x4 /usr/lib/gcc/arm-none-eabi/13.2.0/../../../../arm-none-eabi/lib/thumb/v7e-m+fp/hard/libnosys.a(sbrk.o)
 *(COMMON)
                0x20003514                        . = ALIGN (0x4)
                0x20003514                        _ebss = .
                0x20003514                        __bss_end__ = _ebss

._user_heap_stack
                0x20003514      0x604 load address 0x0804aae0
                0x20003518                        . = ALIGN (0x8)
 *fill*         0x20003514        0x4 
                0x20003518                        PROVIDE (end = .)
                [!provide]                        PROVIDE (_end = .)
                0x20003718                        . = (. + _Min_Heap_Size)
 *fill*         0x20003518      0x200 
                0x20003b18                        . = (. + _Min_Stack_Size)
 *fill*         0x20003718      0x400 
                0x20003b18                        . = ALIGN (0x8)

/DISCARD/
 libc.a(*)
 libm.a(*)
 libgcc.a(*)

.ARM.attributes
                0x00000000       0x30
 *(.ARM.attributes)
 .ARM.attributes
                0x00000000       0x22 /usr/lib/gcc/arm-none-eabi/13.2.0/thumb/v7e-m+fp/hard/crti.o
 .ARM.attributes
                0x00000022       0x34 /usr/lib/gcc/arm-none-eabi/13.2.0/thumb/v7e-m+fp/hard/crtbegin.o
 .ARM.attributes
                0x00000056       0x34 build/main.o
 .ARM.attributes
                0x0000008a       0x34 build/leds.o
 .ARM.attributes
                0x000000be       0x34 build/led_player.o
 .ARM.attributes
                0x000000f2       0x34 build/audio.o
 .ARM.attributes
                0x00000126       0x34 build/ssd1306.o
 .ARM.attributes
                0x0000015a       0x34 build/graphics.o
 .ARM.attributes
                0x0000018e       0x34 build/ran.o
 .ARM.attributes
                0x000001c2       0x34 build/stm32f4xx_it.o
 .ARM.attributes
                0x000001f6       0x34 build/system_stm32f4xx.o
 .ARM.attributes
                0x0000022a       0x34 build/usb_device.o
 .ARM.attributes
                0x0000025e       0x34 build/usbd_desc.o
 .ARM.attributes
                0x00000292       0x34 build/usbd_custom_hid_if.o
 .ARM.attributes
                0x000002c6       0x34 build/usbd_conf.o
 .ARM.attributes
                0x000002fa       0x34 build/stm32f4xx_hal_pcd.o
 .ARM.attributes
                0x0000032e       0x34 build/stm32f4xx_hal_pcd_ex.o
 .ARM.attributes
                0x00000362       0x34 build/stm32f4xx_ll_usb.o
 .ARM.attributes
                0x00000396       0x34 build/stm32f4xx_ll_utils.o
 .ARM.attributes
                0x000003ca       0x34 build/stm32f4xx_hal_rcc.o
 .ARM.attributes
                0x000003fe       0x34 build/stm32f4xx_hal_gpio.o
 .ARM.attributes
                0x00000432       0x34 build/stm32f4xx_hal_cortex.o
 .ARM.attributes
                0x00000466       0x34 build/stm32f4xx_hal.o
 .ARM.attributes
                0x0000049a       0x34 build/usbd_core.o
 .ARM.attributes
                0x000004ce       0x34 build/usbd_ctlreq.o
 .ARM.attributes
                0x00000502       0x34 build/usbd_ioreq.o
 .ARM.attributes
                0x00000536       0x34 build/usbd_customhid.o
 .ARM.attributes
                0x0000056a       0x21 build/startup_stm32f411xe.o
 .ARM.attributes
                0x0000058b       0x34 /usr/lib/gcc/arm-none-eabi/13.2.0/../../../../arm-none-eabi/lib/thumb/v7e-m+fp/hard/libc_nano.a(libc_a-rand.o)
 .ARM.attributes
                0x000005bf       0x34 /usr/lib/gcc/arm-none-eabi/13.2.0/../../../../arm-none-eabi/lib/thumb/v7e-m+fp/hard/libc_nano.a(libc_a-findfp.o)
 .ARM.attributes
                0x000005f3       0x34 /usr/lib/gcc/arm-none-eabi/13.2.0/../../../../arm-none-eabi/lib/thumb/v7e-m+fp/hard/libc_nano.a(libc_a-fwalk.o)
 .ARM.attributes
                0x00000627       0x34 /usr/lib/gcc/arm-none-eabi/13.2.0/../../../../arm-none-eabi/lib/thumb/v7e-m+fp/hard/libc_nano.a(libc_a-stdio.o)
 .ARM.attributes
                0x0000065b       0x34 /usr/lib/gcc/arm-none-eabi/13.2.0/../../../../arm-none-eabi/lib/thumb/v7e-m+fp/hard/libc_nano.a(libc_a-memset.o)
 .ARM.attributes
                0x0000068f       0x34 /usr/lib/gcc/arm-none-eabi/13.2.0/../../../../arm-none-eabi/lib/thumb/v7e-m+fp/hard/libc_nano.a(libc_a-closer.o)
 .ARM.attributes
                0x000006c3       0x34 /usr/lib/gcc/arm-none-eabi/13.2.0/../../../../arm-none-eabi/lib/thumb/v7e-m+fp/hard/libc_nano.a(libc_a-reent.o)
 .ARM.attributes
                0x000006f7       0x34 /usr/lib/gcc/arm-none-eabi/13.2.0/../../../../arm-none-eabi/lib/thumb/v7e-m+fp/hard/libc_nano.a(libc_a-impure.o)
 .ARM.attributes
                0x0000072b       0x34 /usr/lib/gcc/arm-none-eabi/13.2.0/../../../../arm-none-eabi/lib/thumb/v7e-m+fp/hard/libc_nano.a(libc_a-lseekr.o)
 .ARM.attributes
                0x0000075f       0x34 /usr/lib/gcc/arm-none-eabi/13.2.0/../../../../arm-none-eabi/lib/thumb/v7e-m+fp/hard/libc_nano.a(libc_a-readr.o)
 .ARM.attributes
                0x00000793       0x34 /usr/lib/gcc/arm-none-eabi/13.2.0/../../../../arm-none-eabi/lib/thumb/v7e-m+fp/hard/libc_nano.a(libc_a-writer.o)
 .ARM.attributes
                0x000007c7       0x34 /usr/lib/gcc/arm-none-eabi/13.2.0/../../../../arm-none-eabi/lib/thumb/v7e-m+fp/hard/libc_nano.a(libc_a-init.o)
 .ARM.attributes
                0x000007fb       0x34 /usr/lib/gcc/arm-none-eabi/13.2.0/../../../../arm-none-eabi/lib/thumb/v7e-m+fp/hard/libc_nano.a(libc_a-lock.o)
 .ARM.attributes
                0x0000082f       0x34 /usr/lib/gcc/arm-none-eabi/13.2.0/../../../../arm-none-eabi/lib/thumb/v7e-m+fp/hard/libc_nano.a(libc_a-memcpy-stub.o)
 .ARM.attributes
                0x00000863       0x17 /usr/lib/gcc/arm-none-eabi/13.2.0/../../../../arm-none-eabi/lib/thumb/v7e-m+fp/hard/libc_nano.a(libc_a-strlen.o)
 .ARM.attributes
                0x0000087a       0x34 /usr/lib/gcc/arm-none-eabi/13.2.0/../../../../arm-none-eabi/lib/thumb/v7e-m+fp/hard/libc_nano.a(libc_a-assert.o)
 .ARM.attributes
                0x000008ae       0x34 /usr/lib/gcc/arm-none-eabi/13.2.0/../../../../arm-none-eabi/lib/thumb/v7e-m+fp/hard/libc_nano.a(libc_a-freer.o)
 .ARM.attributes
                0x000008e2       0x34 /usr/lib/gcc/arm-none-eabi/13.2.0/../../../../arm-none-eabi/lib/thumb/v7e-m+fp/hard/libc_nano.a(libc_a-malloc.o)
 .ARM.attributes
                0x00000916       0x34 /usr/lib/gcc/arm-none-eabi/13.2.0/../../../../arm-none-eabi/lib/thumb/v7e-m+fp/hard/libc_nano.a(libc_a-mallocr.o)
 .ARM.attributes
                0x0000094a       0x34 /usr/lib/gcc/arm-none-eabi/13.2.0/../../../../arm-none-eabi/lib/thumb/v7e-m+fp/hard/libc_nano.a(libc_a-mlock.o)
 .ARM.attributes
                0x0000097e       0x34 /usr/lib/gcc/arm-none-eabi/13.2.0/../../../../arm-none-eabi/lib/thumb/v7e-m+fp/hard/libc_nano.a(libc_a-nano-vfprintf_i.o)
 .ARM.attributes
                0x000009b2       0x34 /usr/lib/gcc/arm-none-eabi/13.2.0/../../../../arm-none-eabi/lib/thumb/v7e-m+fp/hard/libc_nano.a(libc_a-fflush.o)
 .ARM.attributes
                0x000009e6       0x34 /usr/lib/gcc/arm-none-eabi/13.2.0/../../../../arm-none-eabi/lib/thumb/v7e-m+fp/hard/libc_nano.a(libc_a-fprintf.o)
 .ARM.attributes
                0x00000a1a       0x34 /usr/lib/gcc/arm-none-eabi/13.2.0/../../../../arm-none-eabi/lib/thumb/v7e-m+fp/hard/libc_nano.a(libc_a-sbrkr.o)
 .ARM.attributes
                0x00000a4e       0x1c /usr/lib/gcc/arm-none-eabi/13.2.0/../../../../arm-none-eabi/lib/thumb/v7e-m+fp/hard/libc_nano.a(libc_a-memchr.o)
 .ARM.attributes
                0x00000a6a       0x34 /usr/lib/gcc/arm-none-eabi/13.2.0/../../../../arm-none-eabi/lib/thumb/v7e-m+fp/hard/libc_nano.a(libc_a-abort.o)
 .ARM.attributes
                0x00000a9e       0x34 /usr/lib/gcc/arm-none-eabi/13.2.0/../../../../arm-none-eabi/lib/thumb/v7e-m+fp/hard/libc_nano.a(libc_a-nano-vfprintf.o)
 .ARM.attributes
                0x00000ad2       0x34 /usr/lib/gcc/arm-none-eabi/13.2.0/../../../../arm-none-eabi/lib/thumb/v7e-m+fp/hard/libc_nano.a(libc_a-wbuf.o)
 .ARM.attributes
                0x00000b06       0x34 /usr/lib/gcc/arm-none-eabi/13.2.0/../../../../arm-none-eabi/lib/thumb/v7e-m+fp/hard/libc_nano.a(libc_a-wsetup.o)
 .ARM.attributes
                0x00000b3a       0x34 /usr/lib/gcc/arm-none-eabi/13.2.0/../../../../arm-none-eabi/lib/thumb/v7e-m+fp/hard/libc_nano.a(libc_a-signal.o)
 .ARM.attributes
                0x00000b6e       0x34 /usr/lib/gcc/arm-none-eabi/13.2.0/../../../../arm-none-eabi/lib/thumb/v7e-m+fp/hard/libc_nano.a(libc_a-signalr.o)
 .ARM.attributes
                0x00000ba2       0x34 /usr/lib/gcc/arm-none-eabi/13.2.0/../../../../arm-none-eabi/lib/thumb/v7e-m+fp/hard/libc_nano.a(libc_a-makebuf.o)
 .ARM.attributes
                0x00000bd6       0x34 /usr/lib/gcc/arm-none-eabi/13.2.0/../../../../arm-none-eabi/lib/thumb/v7e-m+fp/hard/libc_nano.a(libc_a-fstatr.o)
 .ARM.attributes
                0x00000c0a       0x34 /usr/lib/gcc/arm-none-eabi/13.2.0/../../../../arm-none-eabi/lib/thumb/v7e-m+fp/hard/libc_nano.a(libc_a-isattyr.o)
 .ARM.attributes
                0x00000c3e       0x34 /usr/lib/gcc/arm-none-eabi/13.2.0/../../../../arm-none-eabi/lib/thumb/v7e-m+fp/hard/libnosys.a(close.o)
 .ARM.attributes
                0x00000c72       0x34 /usr/lib/gcc/arm-none-eabi/13.2.0/../../../../arm-none-eabi/lib/thumb/v7e-m+fp/hard/libnosys.a(fstat.o)
 .ARM.attributes
                0x00000ca6       0x34 /usr/lib/gcc/arm-none-eabi/13.2.0/../../../../arm-none-eabi/lib/thumb/v7e-m+fp/hard/libnosys.a(getpid.o)
 .ARM.attributes
                0x00000cda       0x34 /usr/lib/gcc/arm-none-eabi/13.2.0/../../../../arm-none-eabi/lib/thumb/v7e-m+fp/hard/libnosys.a(isatty.o)
 .ARM.attributes
                0x00000d0e       0x34 /usr/lib/gcc/arm-none-eabi/13.2.0/../../../../arm-none-eabi/lib/thumb/v7e-m+fp/hard/libnosys.a(kill.o)
 .ARM.attributes
                0x00000d42       0x34 /usr/lib/gcc/arm-none-eabi/13.2.0/../../../../arm-none-eabi/lib/thumb/v7e-m+fp/hard/libnosys.a(lseek.o)
 .ARM.attributes
                0x00000d76       0x34 /usr/lib/gcc/arm-none-eabi/13.2.0/../../../../arm-none-eabi/lib/thumb/v7e-m+fp/hard/libnosys.a(read.o)
 .ARM.attributes
                0x00000daa       0x34 /usr/lib/gcc/arm-none-eabi/13.2.0/../../../../arm-none-eabi/lib/thumb/v7e-m+fp/hard/libnosys.a(sbrk.o)
 .ARM.attributes
                0x00000dde       0x34 /usr/lib/gcc/arm-none-eabi/13.2.0/../../../../arm-none-eabi/lib/thumb/v7e-m+fp/hard/libnosys.a(write.o)
 .ARM.attributes
                0x00000e12       0x34 /usr/lib/gcc/arm-none-eabi/13.2.0/../../../../arm-none-eabi/lib/thumb/v7e-m+fp/hard/libnosys.a(_exit.o)
 .ARM.attributes
                0x00000e46       0x22 /usr/lib/gcc/arm-none-eabi/13.2.0/thumb/v7e-m+fp/hard/libgcc.a(_arm_muldf3.o)
 .ARM.attributes
                0x00000e68       0x22 /usr/lib/gcc/arm-none-eabi/13.2.0/thumb/v7e-m+fp/hard/libgcc.a(_arm_addsubdf3.o)
 .ARM.attributes
                0x00000e8a       0x22 /usr/lib/gcc/arm-none-eabi/13.2.0/thumb/v7e-m+fp/hard/libgcc.a(_arm_fixunsdfsi.o)
 .ARM.attributes
                0x00000eac       0x22 /usr/lib/gcc/arm-none-eabi/13.2.0/thumb/v7e-m+fp/hard/libgcc.a(_arm_truncdfsf2.o)
 .ARM.attributes
                0x00000ece       0x22 /usr/lib/gcc/arm-none-eabi/13.2.0/thumb/v7e-m+fp/hard/crtn.o
OUTPUT(build/piano.elf elf32-littlearm)
LOAD linker stubs
LOAD /usr/lib/gcc/arm-none-eabi/13.2.0/../../../../arm-none-eabi/lib/thumb/v7e-m+fp/hard/libc.a
LOAD /usr/lib/gcc/arm-none-eabi/13.2.0/../../../../arm-none-eabi/lib/thumb/v7e-m+fp/hard/libm.a
LOAD /usr/lib/gcc/arm-none-eabi/13.2.0/thumb/v7e-m+fp/hard/libgcc.a

.debug_info     0x00000000    0x29991
 .debug_info    0x00000000      0x96d build/main.o
 .debug_info    0x0000096d      0x764 build/leds.o
 .debug_info    0x000010d1      0x821 build/led_player.o
 .debug_info    0x000018f2     0x3c20 build/audio.o
 .debug_info    0x00005512      0xdf7 build/ssd1306.o
 .debug_info    0x00006309     0x1371 build/graphics.o
 .debug_info    0x0000767a       0x5a build/ran.o
 .debug_info    0x000076d4      0xf60 build/stm32f4xx_it.o
 .debug_info    0x00008634      0x5e5 build/system_stm32f4xx.o
 .debug_info    0x00008c19      0x885 build/usb_device.o
 .debug_info    0x0000949e      0x6e5 build/usbd_desc.o
 .debug_info    0x00009b83      0x926 build/usbd_custom_hid_if.o
 .debug_info    0x0000a4a9     0x2636 build/usbd_conf.o
 .debug_info    0x0000cadf     0x2260 build/stm32f4xx_hal_pcd.o
 .debug_info    0x0000ed3f      0x7d6 build/stm32f4xx_hal_pcd_ex.o
 .debug_info    0x0000f515     0x2606 build/stm32f4xx_ll_usb.o
 .debug_info    0x00011b1b      0xdec build/stm32f4xx_ll_utils.o
 .debug_info    0x00012907      0xca0 build/stm32f4xx_hal_rcc.o
 .debug_info    0x000135a7      0x874 build/stm32f4xx_hal_gpio.o
 .debug_info    0x00013e1b     0x1151 build/stm32f4xx_hal_cortex.o
 .debug_info    0x00014f6c      0xac3 build/stm32f4xx_hal.o
 .debug_info    0x00015a2f     0x1484 build/usbd_core.o
 .debug_info    0x00016eb3     0x1437 build/usbd_ctlreq.o
 .debug_info    0x000182ea      0xa19 build/usbd_ioreq.o
 .debug_info    0x00018d03      0xd94 build/usbd_customhid.o
 .debug_info    0x00019a97       0x30 build/startup_stm32f411xe.o
 .debug_info    0x00019ac7      0x863 /usr/lib/gcc/arm-none-eabi/13.2.0/../../../../arm-none-eabi/lib/thumb/v7e-m+fp/hard/libc_nano.a(libc_a-rand.o)
 .debug_info    0x0001a32a      0xfa9 /usr/lib/gcc/arm-none-eabi/13.2.0/../../../../arm-none-eabi/lib/thumb/v7e-m+fp/hard/libc_nano.a(libc_a-findfp.o)
 .debug_info    0x0001b2d3      0x7d2 /usr/lib/gcc/arm-none-eabi/13.2.0/../../../../arm-none-eabi/lib/thumb/v7e-m+fp/hard/libc_nano.a(libc_a-fwalk.o)
 .debug_info    0x0001baa5      0xa54 /usr/lib/gcc/arm-none-eabi/13.2.0/../../../../arm-none-eabi/lib/thumb/v7e-m+fp/hard/libc_nano.a(libc_a-stdio.o)
 .debug_info    0x0001c4f9       0xe0 /usr/lib/gcc/arm-none-eabi/13.2.0/../../../../arm-none-eabi/lib/thumb/v7e-m+fp/hard/libc_nano.a(libc_a-memset.o)
 .debug_info    0x0001c5d9      0x756 /usr/lib/gcc/arm-none-eabi/13.2.0/../../../../arm-none-eabi/lib/thumb/v7e-m+fp/hard/libc_nano.a(libc_a-closer.o)
 .debug_info    0x0001cd2f      0x855 /usr/lib/gcc/arm-none-eabi/13.2.0/../../../../arm-none-eabi/lib/thumb/v7e-m+fp/hard/libc_nano.a(libc_a-reent.o)
 .debug_info    0x0001d584      0x715 /usr/lib/gcc/arm-none-eabi/13.2.0/../../../../arm-none-eabi/lib/thumb/v7e-m+fp/hard/libc_nano.a(libc_a-impure.o)
 .debug_info    0x0001dc99      0x796 /usr/lib/gcc/arm-none-eabi/13.2.0/../../../../arm-none-eabi/lib/thumb/v7e-m+fp/hard/libc_nano.a(libc_a-lseekr.o)
 .debug_info    0x0001e42f      0x7ad /usr/lib/gcc/arm-none-eabi/13.2.0/../../../../arm-none-eabi/lib/thumb/v7e-m+fp/hard/libc_nano.a(libc_a-readr.o)
 .debug_info    0x0001ebdc      0x7b3 /usr/lib/gcc/arm-none-eabi/13.2.0/../../../../arm-none-eabi/lib/thumb/v7e-m+fp/hard/libc_nano.a(libc_a-writer.o)
 .debug_info    0x0001f38f      0x10b /usr/lib/gcc/arm-none-eabi/13.2.0/../../../../arm-none-eabi/lib/thumb/v7e-m+fp/hard/libc_nano.a(libc_a-init.o)
 .debug_info    0x0001f49a      0x20a /usr/lib/gcc/arm-none-eabi/13.2.0/../../../../arm-none-eabi/lib/thumb/v7e-m+fp/hard/libc_nano.a(libc_a-lock.o)
 .debug_info    0x0001f6a4      0x121 /usr/lib/gcc/arm-none-eabi/13.2.0/../../../../arm-none-eabi/lib/thumb/v7e-m+fp/hard/libc_nano.a(libc_a-memcpy-stub.o)
 .debug_info    0x0001f7c5       0x2f /usr/lib/gcc/arm-none-eabi/13.2.0/../../../../arm-none-eabi/lib/thumb/v7e-m+fp/hard/libc_nano.a(libc_a-strlen.o)
 .debug_info    0x0001f7f4      0x81e /usr/lib/gcc/arm-none-eabi/13.2.0/../../../../arm-none-eabi/lib/thumb/v7e-m+fp/hard/libc_nano.a(libc_a-assert.o)
 .debug_info    0x00020012      0x84b /usr/lib/gcc/arm-none-eabi/13.2.0/../../../../arm-none-eabi/lib/thumb/v7e-m+fp/hard/libc_nano.a(libc_a-freer.o)
 .debug_info    0x0002085d      0x794 /usr/lib/gcc/arm-none-eabi/13.2.0/../../../../arm-none-eabi/lib/thumb/v7e-m+fp/hard/libc_nano.a(libc_a-malloc.o)
 .debug_info    0x00020ff1      0x9b6 /usr/lib/gcc/arm-none-eabi/13.2.0/../../../../arm-none-eabi/lib/thumb/v7e-m+fp/hard/libc_nano.a(libc_a-mallocr.o)
 .debug_info    0x000219a7      0x76b /usr/lib/gcc/arm-none-eabi/13.2.0/../../../../arm-none-eabi/lib/thumb/v7e-m+fp/hard/libc_nano.a(libc_a-mlock.o)
 .debug_info    0x00022112      0xde2 /usr/lib/gcc/arm-none-eabi/13.2.0/../../../../arm-none-eabi/lib/thumb/v7e-m+fp/hard/libc_nano.a(libc_a-nano-vfprintf_i.o)
 .debug_info    0x00022ef4      0x9f2 /usr/lib/gcc/arm-none-eabi/13.2.0/../../../../arm-none-eabi/lib/thumb/v7e-m+fp/hard/libc_nano.a(libc_a-fflush.o)
 .debug_info    0x000238e6      0x855 /usr/lib/gcc/arm-none-eabi/13.2.0/../../../../arm-none-eabi/lib/thumb/v7e-m+fp/hard/libc_nano.a(libc_a-fprintf.o)
 .debug_info    0x0002413b      0x77c /usr/lib/gcc/arm-none-eabi/13.2.0/../../../../arm-none-eabi/lib/thumb/v7e-m+fp/hard/libc_nano.a(libc_a-sbrkr.o)
 .debug_info    0x000248b7       0x25 /usr/lib/gcc/arm-none-eabi/13.2.0/../../../../arm-none-eabi/lib/thumb/v7e-m+fp/hard/libc_nano.a(libc_a-memchr.o)
 .debug_info    0x000248dc       0xd8 /usr/lib/gcc/arm-none-eabi/13.2.0/../../../../arm-none-eabi/lib/thumb/v7e-m+fp/hard/libc_nano.a(libc_a-abort.o)
 .debug_info    0x000249b4     0x107c /usr/lib/gcc/arm-none-eabi/13.2.0/../../../../arm-none-eabi/lib/thumb/v7e-m+fp/hard/libc_nano.a(libc_a-nano-vfprintf.o)
 .debug_info    0x00025a30      0x868 /usr/lib/gcc/arm-none-eabi/13.2.0/../../../../arm-none-eabi/lib/thumb/v7e-m+fp/hard/libc_nano.a(libc_a-wbuf.o)
 .debug_info    0x00026298      0x7bb /usr/lib/gcc/arm-none-eabi/13.2.0/../../../../arm-none-eabi/lib/thumb/v7e-m+fp/hard/libc_nano.a(libc_a-wsetup.o)
 .debug_info    0x00026a53      0x9ef /usr/lib/gcc/arm-none-eabi/13.2.0/../../../../arm-none-eabi/lib/thumb/v7e-m+fp/hard/libc_nano.a(libc_a-signal.o)
 .debug_info    0x00027442      0x7dd /usr/lib/gcc/arm-none-eabi/13.2.0/../../../../arm-none-eabi/lib/thumb/v7e-m+fp/hard/libc_nano.a(libc_a-signalr.o)
 .debug_info    0x00027c1f      0xb1a /usr/lib/gcc/arm-none-eabi/13.2.0/../../../../arm-none-eabi/lib/thumb/v7e-m+fp/hard/libc_nano.a(libc_a-makebuf.o)
 .debug_info    0x00028739      0x975 /usr/lib/gcc/arm-none-eabi/13.2.0/../../../../arm-none-eabi/lib/thumb/v7e-m+fp/hard/libc_nano.a(libc_a-fstatr.o)
 .debug_info    0x000290ae      0x756 /usr/lib/gcc/arm-none-eabi/13.2.0/../../../../arm-none-eabi/lib/thumb/v7e-m+fp/hard/libc_nano.a(libc_a-isattyr.o)
 .debug_info    0x00029804       0x3f /usr/lib/gcc/arm-none-eabi/13.2.0/thumb/v7e-m+fp/hard/libgcc.a(_arm_muldf3.o)
 .debug_info    0x00029843       0xd3 /usr/lib/gcc/arm-none-eabi/13.2.0/thumb/v7e-m+fp/hard/libgcc.a(_arm_addsubdf3.o)
 .debug_info    0x00029916       0x3c /usr/lib/gcc/arm-none-eabi/13.2.0/thumb/v7e-m+fp/hard/libgcc.a(_arm_fixunsdfsi.o)
 .debug_info    0x00029952       0x3f /usr/lib/gcc/arm-none-eabi/13.2.0/thumb/v7e-m+fp/hard/libgcc.a(_arm_truncdfsf2.o)

.debug_abbrev   0x00000000     0x84b0
 .debug_abbrev  0x00000000      0x2b3 build/main.o
 .debug_abbrev  0x000002b3      0x220 build/leds.o
 .debug_abbrev  0x000004d3      0x331 build/led_player.o
 .debug_abbrev  0x00000804      0x4d8 build/audio.o
 .debug_abbrev  0x00000cdc      0x2bc build/ssd1306.o
 .debug_abbrev  0x00000f98      0x2d9 build/graphics.o
 .debug_abbrev  0x00001271       0x47 build/ran.o
 .debug_abbrev  0x000012b8      0x315 build/stm32f4xx_it.o
 .debug_abbrev  0x000015cd      0x11b build/system_stm32f4xx.o
 .debug_abbrev  0x000016e8      0x1aa build/usb_device.o
 .debug_abbrev  0x00001892      0x2d6 build/usbd_desc.o
 .debug_abbrev  0x00001b68      0x278 build/usbd_custom_hid_if.o
 .debug_abbrev  0x00001de0      0x3bd build/usbd_conf.o
 .debug_abbrev  0x0000219d      0x3d8 build/stm32f4xx_hal_pcd.o
 .debug_abbrev  0x00002575      0x1e8 build/stm32f4xx_hal_pcd_ex.o
 .debug_abbrev  0x0000275d      0x44f build/stm32f4xx_ll_usb.o
 .debug_abbrev  0x00002bac      0x332 build/stm32f4xx_ll_utils.o
 .debug_abbrev  0x00002ede      0x381 build/stm32f4xx_hal_rcc.o
 .debug_abbrev  0x0000325f      0x23d build/stm32f4xx_hal_gpio.o
 .debug_abbrev  0x0000349c      0x389 build/stm32f4xx_hal_cortex.o
 .debug_abbrev  0x00003825      0x2b9 build/stm32f4xx_hal.o
 .debug_abbrev  0x00003ade      0x3c5 build/usbd_core.o
 .debug_abbrev  0x00003ea3      0x3e2 build/usbd_ctlreq.o
 .debug_abbrev  0x00004285      0x1c1 build/usbd_ioreq.o
 .debug_abbrev  0x00004446      0x2f5 build/usbd_customhid.o
 .debug_abbrev  0x0000473b       0x1d build/startup_stm32f411xe.o
 .debug_abbrev  0x00004758      0x220 /usr/lib/gcc/arm-none-eabi/13.2.0/../../../../arm-none-eabi/lib/thumb/v7e-m+fp/hard/libc_nano.a(libc_a-rand.o)
 .debug_abbrev  0x00004978      0x424 /usr/lib/gcc/arm-none-eabi/13.2.0/../../../../arm-none-eabi/lib/thumb/v7e-m+fp/hard/libc_nano.a(libc_a-findfp.o)
 .debug_abbrev  0x00004d9c      0x19b /usr/lib/gcc/arm-none-eabi/13.2.0/../../../../arm-none-eabi/lib/thumb/v7e-m+fp/hard/libc_nano.a(libc_a-fwalk.o)
 .debug_abbrev  0x00004f37      0x221 /usr/lib/gcc/arm-none-eabi/13.2.0/../../../../arm-none-eabi/lib/thumb/v7e-m+fp/hard/libc_nano.a(libc_a-stdio.o)
 .debug_abbrev  0x00005158       0x9e /usr/lib/gcc/arm-none-eabi/13.2.0/../../../../arm-none-eabi/lib/thumb/v7e-m+fp/hard/libc_nano.a(libc_a-memset.o)
 .debug_abbrev  0x000051f6      0x1b0 /usr/lib/gcc/arm-none-eabi/13.2.0/../../../../arm-none-eabi/lib/thumb/v7e-m+fp/hard/libc_nano.a(libc_a-closer.o)
 .debug_abbrev  0x000053a6      0x1ed /usr/lib/gcc/arm-none-eabi/13.2.0/../../../../arm-none-eabi/lib/thumb/v7e-m+fp/hard/libc_nano.a(libc_a-reent.o)
 .debug_abbrev  0x00005593      0x149 /usr/lib/gcc/arm-none-eabi/13.2.0/../../../../arm-none-eabi/lib/thumb/v7e-m+fp/hard/libc_nano.a(libc_a-impure.o)
 .debug_abbrev  0x000056dc      0x1c4 /usr/lib/gcc/arm-none-eabi/13.2.0/../../../../arm-none-eabi/lib/thumb/v7e-m+fp/hard/libc_nano.a(libc_a-lseekr.o)
 .debug_abbrev  0x000058a0      0x1b0 /usr/lib/gcc/arm-none-eabi/13.2.0/../../../../arm-none-eabi/lib/thumb/v7e-m+fp/hard/libc_nano.a(libc_a-readr.o)
 .debug_abbrev  0x00005a50      0x1b5 /usr/lib/gcc/arm-none-eabi/13.2.0/../../../../arm-none-eabi/lib/thumb/v7e-m+fp/hard/libc_nano.a(libc_a-writer.o)
 .debug_abbrev  0x00005c05       0xc9 /usr/lib/gcc/arm-none-eabi/13.2.0/../../../../arm-none-eabi/lib/thumb/v7e-m+fp/hard/libc_nano.a(libc_a-init.o)
 .debug_abbrev  0x00005cce      0x115 /usr/lib/gcc/arm-none-eabi/13.2.0/../../../../arm-none-eabi/lib/thumb/v7e-m+fp/hard/libc_nano.a(libc_a-lock.o)
 .debug_abbrev  0x00005de3       0xc1 /usr/lib/gcc/arm-none-eabi/13.2.0/../../../../arm-none-eabi/lib/thumb/v7e-m+fp/hard/libc_nano.a(libc_a-memcpy-stub.o)
 .debug_abbrev  0x00005ea4       0x21 /usr/lib/gcc/arm-none-eabi/13.2.0/../../../../arm-none-eabi/lib/thumb/v7e-m+fp/hard/libc_nano.a(libc_a-strlen.o)
 .debug_abbrev  0x00005ec5      0x1ea /usr/lib/gcc/arm-none-eabi/13.2.0/../../../../arm-none-eabi/lib/thumb/v7e-m+fp/hard/libc_nano.a(libc_a-assert.o)
 .debug_abbrev  0x000060af      0x236 /usr/lib/gcc/arm-none-eabi/13.2.0/../../../../arm-none-eabi/lib/thumb/v7e-m+fp/hard/libc_nano.a(libc_a-freer.o)
 .debug_abbrev  0x000062e5      0x1cf /usr/lib/gcc/arm-none-eabi/13.2.0/../../../../arm-none-eabi/lib/thumb/v7e-m+fp/hard/libc_nano.a(libc_a-malloc.o)
 .debug_abbrev  0x000064b4      0x24a /usr/lib/gcc/arm-none-eabi/13.2.0/../../../../arm-none-eabi/lib/thumb/v7e-m+fp/hard/libc_nano.a(libc_a-mallocr.o)
 .debug_abbrev  0x000066fe      0x1bf /usr/lib/gcc/arm-none-eabi/13.2.0/../../../../arm-none-eabi/lib/thumb/v7e-m+fp/hard/libc_nano.a(libc_a-mlock.o)
 .debug_abbrev  0x000068bd      0x28e /usr/lib/gcc/arm-none-eabi/13.2.0/../../../../arm-none-eabi/lib/thumb/v7e-m+fp/hard/libc_nano.a(libc_a-nano-vfprintf_i.o)
 .debug_abbrev  0x00006b4b      0x2b2 /usr/lib/gcc/arm-none-eabi/13.2.0/../../../../arm-none-eabi/lib/thumb/v7e-m+fp/hard/libc_nano.a(libc_a-fflush.o)
 .debug_abbrev  0x00006dfd      0x21d /usr/lib/gcc/arm-none-eabi/13.2.0/../../../../arm-none-eabi/lib/thumb/v7e-m+fp/hard/libc_nano.a(libc_a-fprintf.o)
 .debug_abbrev  0x0000701a      0x1da /usr/lib/gcc/arm-none-eabi/13.2.0/../../../../arm-none-eabi/lib/thumb/v7e-m+fp/hard/libc_nano.a(libc_a-sbrkr.o)
 .debug_abbrev  0x000071f4       0x14 /usr/lib/gcc/arm-none-eabi/13.2.0/../../../../arm-none-eabi/lib/thumb/v7e-m+fp/hard/libc_nano.a(libc_a-memchr.o)
 .debug_abbrev  0x00007208       0x99 /usr/lib/gcc/arm-none-eabi/13.2.0/../../../../arm-none-eabi/lib/thumb/v7e-m+fp/hard/libc_nano.a(libc_a-abort.o)
 .debug_abbrev  0x000072a1      0x316 /usr/lib/gcc/arm-none-eabi/13.2.0/../../../../arm-none-eabi/lib/thumb/v7e-m+fp/hard/libc_nano.a(libc_a-nano-vfprintf.o)
 .debug_abbrev  0x000075b7      0x22d /usr/lib/gcc/arm-none-eabi/13.2.0/../../../../arm-none-eabi/lib/thumb/v7e-m+fp/hard/libc_nano.a(libc_a-wbuf.o)
 .debug_abbrev  0x000077e4      0x1e2 /usr/lib/gcc/arm-none-eabi/13.2.0/../../../../arm-none-eabi/lib/thumb/v7e-m+fp/hard/libc_nano.a(libc_a-wsetup.o)
 .debug_abbrev  0x000079c6      0x24e /usr/lib/gcc/arm-none-eabi/13.2.0/../../../../arm-none-eabi/lib/thumb/v7e-m+fp/hard/libc_nano.a(libc_a-signal.o)
 .debug_abbrev  0x00007c14      0x1fd /usr/lib/gcc/arm-none-eabi/13.2.0/../../../../arm-none-eabi/lib/thumb/v7e-m+fp/hard/libc_nano.a(libc_a-signalr.o)
 .debug_abbrev  0x00007e11      0x28e /usr/lib/gcc/arm-none-eabi/13.2.0/../../../../arm-none-eabi/lib/thumb/v7e-m+fp/hard/libc_nano.a(libc_a-makebuf.o)
 .debug_abbrev  0x0000809f      0x1c3 /usr/lib/gcc/arm-none-eabi/13.2.0/../../../../arm-none-eabi/lib/thumb/v7e-m+fp/hard/libc_nano.a(libc_a-fstatr.o)
 .debug_abbrev  0x00008262      0x1b0 /usr/lib/gcc/arm-none-eabi/13.2.0/../../../../arm-none-eabi/lib/thumb/v7e-m+fp/hard/libc_nano.a(libc_a-isattyr.o)
 .debug_abbrev  0x00008412       0x26 /usr/lib/gcc/arm-none-eabi/13.2.0/thumb/v7e-m+fp/hard/libgcc.a(_arm_muldf3.o)
 .debug_abbrev  0x00008438       0x28 /usr/lib/gcc/arm-none-eabi/13.2.0/thumb/v7e-m+fp/hard/libgcc.a(_arm_addsubdf3.o)
 .debug_abbrev  0x00008460       0x28 /usr/lib/gcc/arm-none-eabi/13.2.0/thumb/v7e-m+fp/hard/libgcc.a(_arm_fixunsdfsi.o)
 .debug_abbrev  0x00008488       0x28 /usr/lib/gcc/arm-none-eabi/13.2.0/thumb/v7e-m+fp/hard/libgcc.a(_arm_truncdfsf2.o)

.debug_loc      0x00000000    0x131f7
 .debug_loc     0x00000000      0x8ff build/main.o
 .debug_loc     0x000008ff      0x33a build/leds.o
 .debug_loc     0x00000c39      0x7b6 build/led_player.o
 .debug_loc     0x000013ef     0x3082 build/audio.o
 .debug_loc     0x00004471     0x1010 build/ssd1306.o
 .debug_loc     0x00005481      0xd96 build/graphics.o
 .debug_loc     0x00006217      0x1a2 build/stm32f4xx_it.o
 .debug_loc     0x000063b9      0x167 build/system_stm32f4xx.o
 .debug_loc     0x00006520       0x2c build/usb_device.o
 .debug_loc     0x0000654c      0x58a build/usbd_desc.o
 .debug_loc     0x00006ad6      0x174 build/usbd_custom_hid_if.o
 .debug_loc     0x00006c4a     0x1169 build/usbd_conf.o
 .debug_loc     0x00007db3     0x2ad9 build/stm32f4xx_hal_pcd.o
 .debug_loc     0x0000a88c      0x20c build/stm32f4xx_hal_pcd_ex.o
 .debug_loc     0x0000aa98     0x355c build/stm32f4xx_ll_usb.o
 .debug_loc     0x0000dff4      0x93f build/stm32f4xx_ll_utils.o
 .debug_loc     0x0000e933      0x6ae build/stm32f4xx_hal_rcc.o
 .debug_loc     0x0000efe1      0xa00 build/stm32f4xx_hal_gpio.o
 .debug_loc     0x0000f9e1      0x9ab build/stm32f4xx_hal_cortex.o
 .debug_loc     0x0001038c      0x21a build/stm32f4xx_hal.o
 .debug_loc     0x000105a6     0x10cd build/usbd_core.o
 .debug_loc     0x00011673     0x124c build/usbd_ctlreq.o
 .debug_loc     0x000128bf      0x3d8 build/usbd_ioreq.o
 .debug_loc     0x00012c97      0x560 build/usbd_customhid.o

.debug_aranges  0x00000000     0x1228
 .debug_aranges
                0x00000000       0x38 build/main.o
 .debug_aranges
                0x00000038       0x48 build/leds.o
 .debug_aranges
                0x00000080       0x50 build/led_player.o
 .debug_aranges
                0x000000d0       0x68 build/audio.o
 .debug_aranges
                0x00000138       0x40 build/ssd1306.o
 .debug_aranges
                0x00000178       0x28 build/graphics.o
 .debug_aranges
                0x000001a0       0x18 build/ran.o
 .debug_aranges
                0x000001b8       0x80 build/stm32f4xx_it.o
 .debug_aranges
                0x00000238       0x28 build/system_stm32f4xx.o
 .debug_aranges
                0x00000260       0x20 build/usb_device.o
 .debug_aranges
                0x00000280       0x50 build/usbd_desc.o
 .debug_aranges
                0x000002d0       0x30 build/usbd_custom_hid_if.o
 .debug_aranges
                0x00000300      0x110 build/usbd_conf.o
 .debug_aranges
                0x00000410      0x130 build/stm32f4xx_hal_pcd.o
 .debug_aranges
                0x00000540       0x38 build/stm32f4xx_hal_pcd_ex.o
 .debug_aranges
                0x00000578      0x198 build/stm32f4xx_ll_usb.o
 .debug_aranges
                0x00000710       0x50 build/stm32f4xx_ll_utils.o
 .debug_aranges
                0x00000760       0x88 build/stm32f4xx_hal_rcc.o
 .debug_aranges
                0x000007e8       0x58 build/stm32f4xx_hal_gpio.o
 .debug_aranges
                0x00000840       0xb0 build/stm32f4xx_hal_cortex.o
 .debug_aranges
                0x000008f0       0xf0 build/stm32f4xx_hal.o
 .debug_aranges
                0x000009e0       0xd8 build/usbd_core.o
 .debug_aranges
                0x00000ab8       0x48 build/usbd_ctlreq.o
 .debug_aranges
                0x00000b00       0x50 build/usbd_ioreq.o
 .debug_aranges
                0x00000b50       0x80 build/usbd_customhid.o
 .debug_aranges
                0x00000bd0       0x28 build/startup_stm32f411xe.o
 .debug_aranges
                0x00000bf8       0x28 /usr/lib/gcc/arm-none-eabi/13.2.0/../../../../arm-none-eabi/lib/thumb/v7e-m+fp/hard/libc_nano.a(libc_a-rand.o)
 .debug_aranges
                0x00000c20       0x78 /usr/lib/gcc/arm-none-eabi/13.2.0/../../../../arm-none-eabi/lib/thumb/v7e-m+fp/hard/libc_nano.a(libc_a-findfp.o)
 .debug_aranges
                0x00000c98       0x20 /usr/lib/gcc/arm-none-eabi/13.2.0/../../../../arm-none-eabi/lib/thumb/v7e-m+fp/hard/libc_nano.a(libc_a-fwalk.o)
 .debug_aranges
                0x00000cb8       0x40 /usr/lib/gcc/arm-none-eabi/13.2.0/../../../../arm-none-eabi/lib/thumb/v7e-m+fp/hard/libc_nano.a(libc_a-stdio.o)
 .debug_aranges
                0x00000cf8       0x20 /usr/lib/gcc/arm-none-eabi/13.2.0/../../../../arm-none-eabi/lib/thumb/v7e-m+fp/hard/libc_nano.a(libc_a-memset.o)
 .debug_aranges
                0x00000d18       0x20 /usr/lib/gcc/arm-none-eabi/13.2.0/../../../../arm-none-eabi/lib/thumb/v7e-m+fp/hard/libc_nano.a(libc_a-closer.o)
 .debug_aranges
                0x00000d38       0x20 /usr/lib/gcc/arm-none-eabi/13.2.0/../../../../arm-none-eabi/lib/thumb/v7e-m+fp/hard/libc_nano.a(libc_a-reent.o)
 .debug_aranges
                0x00000d58       0x18 /usr/lib/gcc/arm-none-eabi/13.2.0/../../../../arm-none-eabi/lib/thumb/v7e-m+fp/hard/libc_nano.a(libc_a-impure.o)
 .debug_aranges
                0x00000d70       0x20 /usr/lib/gcc/arm-none-eabi/13.2.0/../../../../arm-none-eabi/lib/thumb/v7e-m+fp/hard/libc_nano.a(libc_a-lseekr.o)
 .debug_aranges
                0x00000d90       0x20 /usr/lib/gcc/arm-none-eabi/13.2.0/../../../../arm-none-eabi/lib/thumb/v7e-m+fp/hard/libc_nano.a(libc_a-readr.o)
 .debug_aranges
                0x00000db0       0x20 /usr/lib/gcc/arm-none-eabi/13.2.0/../../../../arm-none-eabi/lib/thumb/v7e-m+fp/hard/libc_nano.a(libc_a-writer.o)
 .debug_aranges
                0x00000dd0       0x20 /usr/lib/gcc/arm-none-eabi/13.2.0/../../../../arm-none-eabi/lib/thumb/v7e-m+fp/hard/libc_nano.a(libc_a-init.o)
 .debug_aranges
                0x00000df0       0x68 /usr/lib/gcc/arm-none-eabi/13.2.0/../../../../arm-none-eabi/lib/thumb/v7e-m+fp/hard/libc_nano.a(libc_a-lock.o)
 .debug_aranges
                0x00000e58       0x20 /usr/lib/gcc/arm-none-eabi/13.2.0/../../../../arm-none-eabi/lib/thumb/v7e-m+fp/hard/libc_nano.a(libc_a-memcpy-stub.o)
 .debug_aranges
                0x00000e78       0x20 /usr/lib/gcc/arm-none-eabi/13.2.0/../../../../arm-none-eabi/lib/thumb/v7e-m+fp/hard/libc_nano.a(libc_a-strlen.o)
 .debug_aranges
                0x00000e98       0x28 /usr/lib/gcc/arm-none-eabi/13.2.0/../../../../arm-none-eabi/lib/thumb/v7e-m+fp/hard/libc_nano.a(libc_a-assert.o)
 .debug_aranges
                0x00000ec0       0x20 /usr/lib/gcc/arm-none-eabi/13.2.0/../../../../arm-none-eabi/lib/thumb/v7e-m+fp/hard/libc_nano.a(libc_a-freer.o)
 .debug_aranges
                0x00000ee0       0x28 /usr/lib/gcc/arm-none-eabi/13.2.0/../../../../arm-none-eabi/lib/thumb/v7e-m+fp/hard/libc_nano.a(libc_a-malloc.o)
 .debug_aranges
                0x00000f08       0x28 /usr/lib/gcc/arm-none-eabi/13.2.0/../../../../arm-none-eabi/lib/thumb/v7e-m+fp/hard/libc_nano.a(libc_a-mallocr.o)
 .debug_aranges
                0x00000f30       0x28 /usr/lib/gcc/arm-none-eabi/13.2.0/../../../../arm-none-eabi/lib/thumb/v7e-m+fp/hard/libc_nano.a(libc_a-mlock.o)
 .debug_aranges
                0x00000f58       0x28 /usr/lib/gcc/arm-none-eabi/13.2.0/../../../../arm-none-eabi/lib/thumb/v7e-m+fp/hard/libc_nano.a(libc_a-nano-vfprintf_i.o)
 .debug_aranges
                0x00000f80       0x30 /usr/lib/gcc/arm-none-eabi/13.2.0/../../../../arm-none-eabi/lib/thumb/v7e-m+fp/hard/libc_nano.a(libc_a-fflush.o)
 .debug_aranges
                0x00000fb0       0x28 /usr/lib/gcc/arm-none-eabi/13.2.0/../../../../arm-none-eabi/lib/thumb/v7e-m+fp/hard/libc_nano.a(libc_a-fprintf.o)
 .debug_aranges
                0x00000fd8       0x20 /usr/lib/gcc/arm-none-eabi/13.2.0/../../../../arm-none-eabi/lib/thumb/v7e-m+fp/hard/libc_nano.a(libc_a-sbrkr.o)
 .debug_aranges
                0x00000ff8       0x20 /usr/lib/gcc/arm-none-eabi/13.2.0/../../../../arm-none-eabi/lib/thumb/v7e-m+fp/hard/libc_nano.a(libc_a-memchr.o)
 .debug_aranges
                0x00001018       0x20 /usr/lib/gcc/arm-none-eabi/13.2.0/../../../../arm-none-eabi/lib/thumb/v7e-m+fp/hard/libc_nano.a(libc_a-abort.o)
 .debug_aranges
                0x00001038       0x40 /usr/lib/gcc/arm-none-eabi/13.2.0/../../../../arm-none-eabi/lib/thumb/v7e-m+fp/hard/libc_nano.a(libc_a-nano-vfprintf.o)
 .debug_aranges
                0x00001078       0x28 /usr/lib/gcc/arm-none-eabi/13.2.0/../../../../arm-none-eabi/lib/thumb/v7e-m+fp/hard/libc_nano.a(libc_a-wbuf.o)
 .debug_aranges
                0x000010a0       0x20 /usr/lib/gcc/arm-none-eabi/13.2.0/../../../../arm-none-eabi/lib/thumb/v7e-m+fp/hard/libc_nano.a(libc_a-wsetup.o)
 .debug_aranges
                0x000010c0       0x58 /usr/lib/gcc/arm-none-eabi/13.2.0/../../../../arm-none-eabi/lib/thumb/v7e-m+fp/hard/libc_nano.a(libc_a-signal.o)
 .debug_aranges
                0x00001118       0x28 /usr/lib/gcc/arm-none-eabi/13.2.0/../../../../arm-none-eabi/lib/thumb/v7e-m+fp/hard/libc_nano.a(libc_a-signalr.o)
 .debug_aranges
                0x00001140       0x28 /usr/lib/gcc/arm-none-eabi/13.2.0/../../../../arm-none-eabi/lib/thumb/v7e-m+fp/hard/libc_nano.a(libc_a-makebuf.o)
 .debug_aranges